Component: Arm Compiler for Embedded 6.18 Tool: armlink [5e4cc100]

==============================================================================

Section Cross References

    startup_stm32f407xx.o(STACK) refers (Special) to heapauxi.o(.text) for __use_two_region_memory
    startup_stm32f407xx.o(HEAP) refers (Special) to heapauxi.o(.text) for __use_two_region_memory
    startup_stm32f407xx.o(RESET) refers (Special) to heapauxi.o(.text) for __use_two_region_memory
    startup_stm32f407xx.o(RESET) refers to startup_stm32f407xx.o(STACK) for __initial_sp
    startup_stm32f407xx.o(RESET) refers to startup_stm32f407xx.o(.text) for Reset_Handler
    startup_stm32f407xx.o(RESET) refers to stm32f4xx_it.o(.text.NMI_Handler) for NMI_Handler
    startup_stm32f407xx.o(RESET) refers to stm32f4xx_it.o(.text.HardFault_Handler) for HardFault_Handler
    startup_stm32f407xx.o(RESET) refers to stm32f4xx_it.o(.text.MemManage_Handler) for MemManage_Handler
    startup_stm32f407xx.o(RESET) refers to stm32f4xx_it.o(.text.BusFault_Handler) for BusFault_Handler
    startup_stm32f407xx.o(RESET) refers to stm32f4xx_it.o(.text.UsageFault_Handler) for UsageFault_Handler
    startup_stm32f407xx.o(RESET) refers to stm32f4xx_it.o(.text.SVC_Handler) for SVC_Handler
    startup_stm32f407xx.o(RESET) refers to stm32f4xx_it.o(.text.DebugMon_Handler) for DebugMon_Handler
    startup_stm32f407xx.o(RESET) refers to stm32f4xx_it.o(.text.PendSV_Handler) for PendSV_Handler
    startup_stm32f407xx.o(RESET) refers to stm32f4xx_it.o(.text.SysTick_Handler) for SysTick_Handler
    startup_stm32f407xx.o(RESET) refers to stm32f4xx_it.o(.text.TIM2_IRQHandler) for TIM2_IRQHandler
    startup_stm32f407xx.o(RESET) refers to stm32f4xx_it.o(.text.SDIO_IRQHandler) for SDIO_IRQHandler
    startup_stm32f407xx.o(RESET) refers to stm32f4xx_it.o(.text.DMA2_Stream3_IRQHandler) for DMA2_Stream3_IRQHandler
    startup_stm32f407xx.o(RESET) refers to stm32f4xx_it.o(.text.OTG_FS_IRQHandler) for OTG_FS_IRQHandler
    startup_stm32f407xx.o(RESET) refers to stm32f4xx_it.o(.text.DMA2_Stream6_IRQHandler) for DMA2_Stream6_IRQHandler
    startup_stm32f407xx.o(RESET) refers to stm32f4xx_it.o(.text.HASH_RNG_IRQHandler) for HASH_RNG_IRQHandler
    startup_stm32f407xx.o(.text) refers (Special) to heapauxi.o(.text) for __use_two_region_memory
    startup_stm32f407xx.o(.text) refers to system_stm32f4xx.o(.text.SystemInit) for SystemInit
    startup_stm32f407xx.o(.text) refers to __main.o(!!!main) for __main
    startup_stm32f407xx.o(.text) refers to startup_stm32f407xx.o(HEAP) for Heap_Mem
    startup_stm32f407xx.o(.text) refers to startup_stm32f407xx.o(STACK) for Stack_Mem
    lcd.o(.ARM.exidx.text.lcd_wr_data) refers to lcd.o(.text.lcd_wr_data) for [Anonymous Symbol]
    lcd.o(.ARM.exidx.text.lcd_wr_regno) refers to lcd.o(.text.lcd_wr_regno) for [Anonymous Symbol]
    lcd.o(.ARM.exidx.text.lcd_write_reg) refers to lcd.o(.text.lcd_write_reg) for [Anonymous Symbol]
    lcd.o(.text.lcd_write_ram_prepare) refers to lcd.o(.bss..L_MergedGlobals.2) for .L_MergedGlobals.2
    lcd.o(.ARM.exidx.text.lcd_write_ram_prepare) refers to lcd.o(.text.lcd_write_ram_prepare) for [Anonymous Symbol]
    lcd.o(.text.lcd_read_point) refers to lcd.o(.bss..L_MergedGlobals.2) for .L_MergedGlobals.2
    lcd.o(.text.lcd_read_point) refers to lcd.o(.text.lcd_set_cursor) for lcd_set_cursor
    lcd.o(.ARM.exidx.text.lcd_read_point) refers to lcd.o(.text.lcd_read_point) for [Anonymous Symbol]
    lcd.o(.text.lcd_set_cursor) refers to lcd.o(.bss..L_MergedGlobals.2) for .L_MergedGlobals.2
    lcd.o(.ARM.exidx.text.lcd_set_cursor) refers to lcd.o(.text.lcd_set_cursor) for [Anonymous Symbol]
    lcd.o(.text.lcd_display_on) refers to lcd.o(.bss..L_MergedGlobals.2) for .L_MergedGlobals.2
    lcd.o(.ARM.exidx.text.lcd_display_on) refers to lcd.o(.text.lcd_display_on) for [Anonymous Symbol]
    lcd.o(.text.lcd_display_off) refers to lcd.o(.bss..L_MergedGlobals.2) for .L_MergedGlobals.2
    lcd.o(.ARM.exidx.text.lcd_display_off) refers to lcd.o(.text.lcd_display_off) for [Anonymous Symbol]
    lcd.o(.text.lcd_scan_dir) refers to lcd.o(.bss..L_MergedGlobals.2) for .L_MergedGlobals.2
    lcd.o(.text.lcd_scan_dir) refers to lcd.o(.rodata..Lswitch.table.lcd_scan_dir.1) for .Lswitch.table.lcd_scan_dir.1
    lcd.o(.ARM.exidx.text.lcd_scan_dir) refers to lcd.o(.text.lcd_scan_dir) for [Anonymous Symbol]
    lcd.o(.text.lcd_draw_point) refers to lcd.o(.text.lcd_set_cursor) for lcd_set_cursor
    lcd.o(.text.lcd_draw_point) refers to lcd.o(.bss..L_MergedGlobals.2) for .L_MergedGlobals.2
    lcd.o(.ARM.exidx.text.lcd_draw_point) refers to lcd.o(.text.lcd_draw_point) for [Anonymous Symbol]
    lcd.o(.text.lcd_ssd_backlight_set) refers to dflt_clz.o(x$fpl$dfltu) for __aeabi_ui2d
    lcd.o(.text.lcd_ssd_backlight_set) refers to dmul.o(x$fpl$dmul) for __aeabi_dmul
    lcd.o(.text.lcd_ssd_backlight_set) refers to dfix.o(x$fpl$dfix) for __aeabi_d2iz
[...]
    xinnai                                   0x20000310   Data           4  game.o(.bss..L_MergedGlobals.9)
    xinnai_sad                               0x20000314   Data           4  game.o(.bss..L_MergedGlobals.9)
    xinnai_happy                             0x20000318   Data           4  game.o(.bss..L_MergedGlobals.9)
    back                                     0x2000031c   Data           4  game.o(.bss..L_MergedGlobals.9)
    hongbao                                  0x20000320   Data           4  game.o(.bss..L_MergedGlobals.9)
    luobo                                    0x20000324   Data           4  game.o(.bss..L_MergedGlobals.9)
    XINNAI_W                                 0x20000328   Data           4  game.o(.bss..L_MergedGlobals.9)
    x_XINNAI                                 0x2000032c   Data           4  game.o(.bss..L_MergedGlobals.9)
    XINNAI_ITEM                              0x20000330   Data           4  game.o(.bss..L_MergedGlobals.9)
    DROP_BMP_FILE                            0x20000334   Data           8  game.o(.bss..L_MergedGlobals.9)
    SDFatFS                                  0x20000ccc   Data         564  fatfs.o(.bss.SDFatFS)
    SDFile                                   0x20000f00   Data         560  fatfs.o(.bss.SDFile)
    SDPath                                   0x20001130   Data           4  fatfs.o(.bss.SDPath)
    USBD_StrDesc                             0x20001138   Data         512  usbd_desc.o(.bss.USBD_StrDesc)
    __stdout                                 0x200015b4   Data          84  usart.o(.bss.__stdout)
    disk                                     0x20001608   Data          12  ff_gen_drv.o(.bss.disk)
    g_sram_handler                           0x20001618   Data          80  sram.o(.bss.g_sram_handler)
    hUsbDeviceFS                             0x2000166c   Data         732  usb_device.o(.bss.hUsbDeviceFS)
    hdma_sdio_rx                             0x20001948   Data          96  sdio.o(.bss.hdma_sdio_rx)
    hdma_sdio_tx                             0x200019a8   Data          96  sdio.o(.bss.hdma_sdio_tx)
    hpcd_USB_OTG_FS                          0x20001a08   Data        1292  usbd_conf.o(.bss.hpcd_USB_OTG_FS)
    hrng                                     0x20001f14   Data          16  rng.o(.bss.hrng)
    hrtc                                     0x20001f24   Data          32  rtc.o(.bss.hrtc)
    hsd                                      0x20001f44   Data         132  sdio.o(.bss.hsd)
    hsram1                                   0x20001fc8   Data          80  fsmc.o(.bss.hsram1)
    hsram2                                   0x20002018   Data          80  fsmc.o(.bss.hsram2)
    htim2                                    0x20002068   Data          72  tim.o(.bss.htim2)
    huart1                                   0x200020b0   Data          68  usart.o(.bss.huart1)
    retSD                                    0x200020f4   Data           1  fatfs.o(.bss.retSD)
    uwTick                                   0x200020f8   Data           4  stm32f4xx_hal.o(.bss.uwTick)



==============================================================================

Memory Map of the image

  Image Entry point : 0x08000189

  Load Region LR_IROM1 (Base: 0x08000000, Size: 0x00042180, Max: 0x00100000, ABSOLUTE, COMPRESSED[0x000420d8])

    Execution Region ER_IROM1 (Exec base: 0x08000000, Load base: 0x08000000, Size: 0x00041fec, Max: 0x00100000, ABSOLUTE)

    Exec Addr    Load Addr    Size         Type   Attr      Idx    E Section Name        Object

    0x08000000   0x08000000   0x00000188   Data   RO            3    RESET               startup_stm32f407xx.o
    0x08000188   0x08000188   0x00000008   Code   RO         2817  * !!!main             c_w.l(__main.o)
    0x08000190   0x08000190   0x00000034   Code   RO         3130    !!!scatter          c_w.l(__scatter.o)
    0x080001c4   0x080001c4   0x0000003a   Code   RO         3128    !!dczerorl          c_w.l(__dczerorl.o)
    0x080001fe   0x080001fe   0x00000002   PAD
    0x08000200   0x08000200   0x0000001c   Code   RO         3132    !!handler_zi        c_w.l(__scatter_zi.o)
    0x0800021c   0x0800021c   0x00000000   Code   RO         2793    .ARM.Collect$$_printf_percent$$00000000  c_w.l(_printf_percent.o)
    0x0800021c   0x0800021c   0x00000006   Code   RO         2792    .ARM.Collect$$_printf_percent$$00000003  c_w.l(_printf_f.o)
    0x08000222   0x08000222   0x00000006   Code   RO         2791    .ARM.Collect$$_printf_percent$$00000009  c_w.l(_printf_d.o)
    0x08000228   0x08000228   0x00000006   Code   RO         2790    .ARM.Collect$$_printf_percent$$0000000C  c_w.l(_printf_x.o)
    0x0800022e   0x0800022e   0x00000006   Code   RO         2789    .ARM.Collect$$_printf_percent$$00000014  c_w.l(_printf_s.o)
    0x08000234   0x08000234   0x00000004   Code   RO         2887    .ARM.Collect$$_printf_percent$$00000017  c_w.l(_printf_percent_end.o)
    0x08000238   0x08000238   0x00000002   Code   RO         3069    .ARM.Collect$$libinit$$00000000  c_w.l(libinit.o)
    0x0800023a   0x0800023a   0x00000004   Code   RO         2890    .ARM.Collect$$libinit$$00000001  c_w.l(libinit2.o)
    0x0800023e   0x0800023e   0x00000000   Code   RO         2893    .ARM.Collect$$libinit$$00000004  c_w.l(libinit2.o)
    0x0800023e   0x0800023e   0x00000000   Code   RO         2895    .ARM.Collect$$libinit$$00000006  c_w.l(libinit2.o)
    0x0800023e   0x0800023e   0x00000008   Code   RO         2896    .ARM.Collect$$libinit$$00000007  c_w.l(libinit2.o)
    0x08000246   0x08000246   0x00000000   Code   RO         2898    .ARM.Collect$$libinit$$0000000C  c_w.l(libinit2.o)
    0x08000246   0x08000246   0x00000000   Code   RO         2900    .ARM.Collect$$libinit$$0000000E  c_w.l(libinit2.o)
    0x08000246   0x08000246   0x00000004   Code   RO         2901    .ARM.Collect$$libinit$$0000000F  c_w.l(libinit2.o)
    0x0800024a   0x0800024a   0x00000000   Code   RO         2902    .ARM.Collect$$libinit$$00000010  c_w.l(libinit2.o)
    0x0800024a   0x0800024a   0x00000006   Code   RO         2903    .ARM.Collect$$libinit$$00000011  c_w.l(libinit2.o)
    0x08000250   0x08000250   0x00000000   Code   RO         2905    .ARM.Collect$$libinit$$00000013  c_w.l(libinit2.o)
    0x08000250   0x08000250   0x00000000   Code   RO         2907    .ARM.Collect$$libinit$$00000015  c_w.l(libinit2.o)
    0x08000250   0x08000250   0x00000000   Code   RO         2909    .ARM.Collect$$libinit$$00000017  c_w.l(libinit2.o)
    0x08000250   0x08000250   0x0000000a   Code   RO         2910    .ARM.Collect$$libinit$$00000018  c_w.l(libinit2.o)
    0x0800025a   0x0800025a   0x00000000   Code   RO         2911    .ARM.Collect$$libinit$$00000019  c_w.l(libinit2.o)
    0x0800025a   0x0800025a   0x00000000   Code   RO         2913    .ARM.Collect$$libinit$$0000001B  c_w.l(libinit2.o)
    0x0800025a   0x0800025a   0x00000000   Code   RO         2915    .ARM.Collect$$libinit$$0000001D  c_w.l(libinit2.o)
    0x0800025a   0x0800025a   0x00000000   Code   RO         2917    .ARM.Collect$$libinit$$0000001F  c_w.l(libinit2.o)
    0x0800025a   0x0800025a   0x00000000   Code   RO         2919    .ARM.Collect$$libinit$$00000021  c_w.l(libinit2.o)
    0x0800025a   0x0800025a   0x00000000   Code   RO         2921    .ARM.Collect$$libinit$$00000023  c_w.l(libinit2.o)
    0x0800025a   0x0800025a   0x00000000   Code   RO         2923    .ARM.Collect$$libinit$$00000025  c_w.l(libinit2.o)
    0x0800025a   0x0800025a   0x00000000   Code   RO         2925    .ARM.Collect$$libinit$$00000027  c_w.l(libinit2.o)
    0x0800025a   0x0800025a   0x00000000   Code   RO         2929    .ARM.Collect$$libinit$$0000002E  c_w.l(libinit2.o)
    0x0800025a   0x0800025a   0x00000000   Code   RO         2931    .ARM.Collect$$libinit$$00000030  c_w.l(libinit2.o)
    0x0800025a   0x0800025a   0x00000000   Code   RO         2933    .ARM.Collect$$libinit$$00000032  c_w.l(libinit2.o)
    0x0800025a   0x0800025a   0x00000000   Code   RO         2935    .ARM.Collect$$libinit$$00000034  c_w.l(libinit2.o)
    0x0800025a   0x0800025a   0x00000002   Code   RO         2936    .ARM.Collect$$libinit$$00000035  c_w.l(libinit2.o)
    0x0800025c   0x0800025c   0x00000002   Code   RO         3125    .ARM.Collect$$libshutdown$$00000000  c_w.l(libshutdown.o)
    0x0800025e   0x0800025e   0x00000000   Code   RO         3085    .ARM.Collect$$libshutdown$$00000002  c_w.l(libshutdown2.o)
    0x0800025e   0x0800025e   0x00000000   Code   RO         3087    .ARM.Collect$$libshutdown$$00000004  c_w.l(libshutdown2.o)
    0x0800025e   0x0800025e   0x00000000   Code   RO         3090    .ARM.Collect$$libshutdown$$00000007  c_w.l(libshutdown2.o)
    0x0800025e   0x0800025e   0x00000000   Code   RO         3093    .ARM.Collect$$libshutdown$$0000000A  c_w.l(libshutdown2.o)
    0x0800025e   0x0800025e   0x00000000   Code   RO         3095    .ARM.Collect$$libshutdown$$0000000C  c_w.l(libshutdown2.o)
    0x0800025e   0x0800025e   0x00000000   Code   RO         3098    .ARM.Collect$$libshutdown$$0000000F  c_w.l(libshutdown2.o)
    0x0800025e   0x0800025e   0x00000002   Code   RO         3099    .ARM.Collect$$libshutdown$$00000010  c_w.l(libshutdown2.o)
    0x08000260   0x08000260   0x00000000   Code   RO         2845    .ARM.Collect$$rtentry$$00000000  c_w.l(__rtentry.o)
    0x08000260   0x08000260   0x00000000   Code   RO         2954    .ARM.Collect$$rtentry$$00000002  c_w.l(__rtentry2.o)
    0x08000260   0x08000260   0x00000006   Code   RO         2966    .ARM.Collect$$rtentry$$00000004  c_w.l(__rtentry4.o)
    0x08000266   0x08000266   0x00000000   Code   RO         2956    .ARM.Collect$$rtentry$$00000009  c_w.l(__rtentry2.o)
    0x08000266   0x08000266   0x00000004   Code   RO         2957    .ARM.Collect$$rtentry$$0000000A  c_w.l(__rtentry2.o)
    0x0800026a   0x0800026a   0x00000000   Code   RO         2959    .ARM.Collect$$rtentry$$0000000C  c_w.l(__rtentry2.o)
    0x0800026a   0x0800026a   0x00000008   Code   RO         2960    .ARM.Collect$$rtentry$$0000000D  c_w.l(__rtentry2.o)
    0x08000272   0x08000272   0x00000002   Code   RO         3070    .ARM.Collect$$rtexit$$00000000  c_w.l(rtexit.o)
    0x08000274   0x08000274   0x00000000   Code   RO         3101    .ARM.Collect$$rtexit$$00000002  c_w.l(rtexit2.o)
    0x08000274   0x08000274   0x00000004   Code   RO         3102    .ARM.Collect$$rtexit$$00000003  c_w.l(rtexit2.o)
    0x08000278   0x08000278   0x00000006   Code   RO         3103    .ARM.Collect$$rtexit$$00000004  c_w.l(rtexit2.o)
    0x0800027e   0x0800027e   0x00000002   PAD
    0x08000280   0x08000280   0x00000040   Code   RO            4    .text               startup_stm32f407xx.o
    0x080002c0   0x080002c0   0x00000002   Code   RO         2668    .text               c_w.l(use_no_semi_2.o)
    0x080002c2   0x080002c2   0x0000005e   Code   RO         2674    .text               c_w.l(h1_alloc.o)
    0x08000320   0x08000320   0x0000004e   Code   RO         2676    .text               c_w.l(h1_free.o)
    0x0800036e   0x0800036e   0x000000f0   Code   RO         2732    .text               c_w.l(lludivv7m.o)
    0x0800045e   0x0800045e   0x00000002   PAD
    0x08000460   0x08000460   0x00000018   Code   RO         2738    .text               c_w.l(noretval__2printf.o)
    0x08000478   0x08000478   0x00000028   Code   RO         2740    .text               c_w.l(noretval__2sprintf.o)
    0x080004a0   0x080004a0   0x00000052   Code   RO         2744    .text               c_w.l(_printf_str.o)
    0x080004f2   0x080004f2   0x00000002   PAD
    0x080004f4   0x080004f4   0x00000078   Code   RO         2746    .text               c_w.l(_printf_dec.o)
    0x0800056c   0x0800056c   0x00000058   Code   RO         2751    .text               c_w.l(_printf_hex_int.o)
    0x080005c4   0x080005c4   0x00000138   Code   RO         2781    .text               c_w.l(__printf_flags_wp.o)
    0x080006fc   0x080006fc   0x0000002c   Code   RO         2794    .text               c_w.l(puts.o)
    0x08000728   0x08000728   0x0000003c   Code   RO         2797    .text               c_w.l(rand.o)
    0x08000764   0x08000764   0x00000058   Code   RO         2801    .text               c_w.l(memcmp.o)
    0x080007bc   0x080007bc   0x0000003e   Code   RO         2803    .text               c_w.l(strlen.o)
    0x080007fa   0x080007fa   0x00000044   Code   RO         2811    .text               c_w.l(rt_memclr.o)
    0x0800083e   0x0800083e   0x0000004e   Code   RO         2813    .text               c_w.l(rt_memclr_w.o)
    0x0800088c   0x0800088c   0x00000006   Code   RO         2815    .text               c_w.l(heapauxi.o)
    0x08000892   0x08000892   0x00000002   Code   RO         2841    .text               c_w.l(use_no_semi.o)
    0x08000894   0x08000894   0x00000008   Code   RO         2853    .text               c_w.l(rt_heap_descriptor_intlibspace.o)
    0x0800089c   0x0800089c   0x00000004   Code   RO         2855    .text               c_w.l(hguard.o)
    0x080008a0   0x080008a0   0x0000008a   Code   RO         2857    .text               c_w.l(init_alloc.o)
    0x0800092a   0x0800092a   0x0000000e   Code   RO         2861    .text               c_w.l(h1_init.o)
    0x08000938   0x08000938   0x000000b2   Code   RO         2873    .text               c_w.l(_printf_intcommon.o)
    0x080009ea   0x080009ea   0x0000041c   Code   RO         2875    .text               c_w.l(_printf_fp_dec.o)
    0x08000e06   0x08000e06   0x00000002   PAD
    0x08000e08   0x08000e08   0x00000030   Code   RO         2879    .text               c_w.l(_printf_char_common.o)
    0x08000e38   0x08000e38   0x0000000a   Code   RO         2881    .text               c_w.l(_sputc.o)
    0x08000e42   0x08000e42   0x0000002c   Code   RO         2883    .text               c_w.l(_printf_char.o)
    0x08000e6e   0x08000e6e   0x00000002   PAD
    0x08000e70   0x08000e70   0x00000024   Code   RO         2885    .text               c_w.l(_printf_char_file.o)
    0x08000e94   0x08000e94   0x00000008   Code   RO         2950    .text               c_w.l(libspace.o)
    0x08000e9c   0x08000e9c   0x00000008   Code   RO         2973    .text               c_w.l(rt_locale_intlibspace.o)
    0x08000ea4   0x08000ea4   0x00000000   Code   RO         2977    .text               c_w.l(maybetermalloc1.o)
    0x08000ea4   0x08000ea4   0x00000034   Code   RO         2979    .text               c_w.l(h1_extend.o)
    0x08000ed8   0x08000ed8   0x0000008a   Code   RO         2983    .text               c_w.l(lludiv10.o)
    0x08000f62   0x08000f62   0x00000002   PAD
    0x08000f64   0x08000f64   0x00000080   Code   RO         2985    .text               c_w.l(_printf_fp_infnan.o)
    0x08000fe4   0x08000fe4   0x000000e4   Code   RO         2989    .text               c_w.l(bigflt0.o)
    0x080010c8   0x080010c8   0x00000008   Code   RO         3016    .text               c_w.l(ferror.o)
    0x080010d0   0x080010d0   0x0000000e   Code   RO         3023    .text               c_w.l(defsig_rtmem_outer.o)
    0x080010de   0x080010de   0x0000004a   Code   RO         3040    .text               c_w.l(sys_stackheap_outer.o)
    0x08001128   0x08001128   0x00000012   Code   RO         3048    .text               c_w.l(exit.o)
    0x0800113a   0x0800113a   0x0000000a   Code   RO         3050    .text               c_w.l(defsig_exit.o)
    0x08001144   0x08001144   0x00000050   Code   RO         3056    .text               c_w.l(defsig_rtmem_inner.o)
    0x08001194   0x08001194   0x00000004   PAD
    0x08001198   0x08001198   0x0000007c   Code   RO         3058    .text               c_w.l(strcmpv7em.o)
    0x08001214   0x08001214   0x00000032   Code   RO         3080    .text               c_w.l(defsig_general.o)
    0x08001246   0x08001246   0x00000002   PAD
    0x08001248   0x08001248   0x00000002   Code   RO         2110    .text.BSP_SD_AbortCallback  bsp_driver_sd.o
    0x0800124a   0x0800124a   0x00000002   PAD
    0x0800124c   0x0800124c   0x00000012   Code   RO         2106    .text.BSP_SD_GetCardInfo  bsp_driver_sd.o
    0x0800125e   0x0800125e   0x00000002   PAD
    0x08001260   0x08001260   0x00000016   Code   RO         2104    .text.BSP_SD_GetCardState  bsp_driver_sd.o
    0x08001276   0x08001276   0x00000002   PAD
    0x08001278   0x08001278   0x0000003c   Code   RO         2086    .text.BSP_SD_Init   bsp_driver_sd.o
    0x080012b4   0x080012b4   0x00000010   Code   RO         2088    .text.BSP_SD_IsDetected  bsp_driver_sd.o
    0x080012c4   0x080012c4   0x0000001c   Code   RO         2098    .text.BSP_SD_ReadBlocks_DMA  bsp_driver_sd.o
    0x080012e0   0x080012e0   0x0000000e   Code   RO         2140    .text.BSP_SD_ReadCpltCallback  sd_diskio.o
    0x080012ee   0x080012ee   0x00000002   PAD
    0x080012f0   0x080012f0   0x0000001c   Code   RO         2100    .text.BSP_SD_WriteBlocks_DMA  bsp_driver_sd.o
    0x0800130c   0x0800130c   0x0000000e   Code   RO         2138    .text.BSP_SD_WriteCpltCallback  sd_diskio.o
    0x0800131a   0x0800131a   0x00000002   PAD
    0x0800131c   0x0800131c   0x00000002   Code   RO          487    .text.BusFault_Handler  stm32f4xx_it.o
    0x0800131e   0x0800131e   0x00000002   PAD
    0x08001320   0x08001320   0x0000000c   Code   RO          503    .text.DMA2_Stream3_IRQHandler  stm32f4xx_it.o
    0x0800132c   0x0800132c   0x0000000c   Code   RO          507    .text.DMA2_Stream6_IRQHandler  stm32f4xx_it.o
    0x08001338   0x08001338   0x00000002   Code   RO          493    .text.DebugMon_Handler  stm32f4xx_it.o
    0x0800133a   0x0800133a   0x00000002   PAD
    0x0800133c   0x0800133c   0x0000000a   Code   RO          344    .text.Error_Handler  main.o
    0x08001346   0x08001346   0x00000002   PAD
    0x08001348   0x08001348   0x0000004c   Code   RO         2449    .text.FATFS_LinkDriver  ff_gen_drv.o
    0x08001394   0x08001394   0x0000004c   Code   RO         1200    .text.FSMC_NORSRAM_Extended_Timing_Init  stm32f4xx_ll_fsmc.o
    0x080013e0   0x080013e0   0x00000086   Code   RO         1194    .text.FSMC_NORSRAM_Init  stm32f4xx_ll_fsmc.o
    0x08001466   0x08001466   0x00000002   PAD
    0x08001468   0x08001468   0x00000044   Code   RO         1198    .text.FSMC_NORSRAM_Timing_Init  stm32f4xx_ll_fsmc.o
    0x080014ac   0x080014ac   0x00000024   Code   RO          973    .text.HAL_DMA_Abort_IT  stm32f4xx_hal_dma.o
    0x080014d0   0x080014d0   0x00000004   Code   RO          985    .text.HAL_DMA_GetError  stm32f4xx_hal_dma.o
    0x080014d4   0x080014d4   0x000001c0   Code   RO          977    .text.HAL_DMA_IRQHandler  stm32f4xx_hal_dma.o
    0x08001694   0x08001694   0x00000162   Code   RO          963    .text.HAL_DMA_Init  stm32f4xx_hal_dma.o
    0x080017f6   0x080017f6   0x00000002   PAD
    0x080017f8   0x080017f8   0x0000009e   Code   RO          969    .text.HAL_DMA_Start_IT  stm32f4xx_hal_dma.o
    0x08001896   0x08001896   0x00000002   PAD
    0x08001898   0x08001898   0x00000028   Code   RO         1124    .text.HAL_Delay     stm32f4xx_hal.o
    0x080018c0   0x080018c0   0x000001ba   Code   RO          925    .text.HAL_GPIO_Init  stm32f4xx_hal_gpio.o
    0x08001a7a   0x08001a7a   0x00000002   PAD
    0x08001a7c   0x08001a7c   0x0000000a   Code   RO          929    .text.HAL_GPIO_ReadPin  stm32f4xx_hal_gpio.o
    0x08001a86   0x08001a86   0x00000002   PAD
    0x08001a88   0x08001a88   0x0000000a   Code   RO          931    .text.HAL_GPIO_WritePin  stm32f4xx_hal_gpio.o
    0x08001a92   0x08001a92   0x00000002   PAD
    0x08001a94   0x08001a94   0x0000000c   Code   RO         1116    .text.HAL_GetTick   stm32f4xx_hal.o
    0x08001aa0   0x08001aa0   0x0000001a   Code   RO         1114    .text.HAL_IncTick   stm32f4xx_hal.o
    0x08001aba   0x08001aba   0x00000002   PAD
    0x08001abc   0x08001abc   0x00000036   Code   RO         1104    .text.HAL_Init      stm32f4xx_hal.o
    0x08001af2   0x08001af2   0x00000002   PAD
    0x08001af4   0x08001af4   0x00000048   Code   RO         1106    .text.HAL_InitTick  stm32f4xx_hal.o
    0x08001b3c   0x08001b3c   0x0000003c   Code   RO          518    .text.HAL_MspInit   stm32f4xx_hal_msp.o
    0x08001b78   0x08001b78   0x00000020   Code   RO         1062    .text.HAL_NVIC_EnableIRQ  stm32f4xx_hal_cortex.o
    0x08001b98   0x08001b98   0x00000056   Code   RO         1060    .text.HAL_NVIC_SetPriority  stm32f4xx_hal_cortex.o
    0x08001bee   0x08001bee   0x00000002   PAD
    0x08001bf0   0x08001bf0   0x00000020   Code   RO         1058    .text.HAL_NVIC_SetPriorityGrouping  stm32f4xx_hal_cortex.o
    0x08001c10   0x08001c10   0x00000002   Code   RO          699    .text.HAL_PCDEx_LPM_Callback  stm32f4xx_hal_pcd_ex.o
    0x08001c12   0x08001c12   0x00000002   PAD
    0x08001c14   0x08001c14   0x00000008   Code   RO          697    .text.HAL_PCDEx_SetRxFiFo  stm32f4xx_hal_pcd_ex.o
    0x08001c1c   0x08001c1c   0x000000ea   Code   RO          695    .text.HAL_PCDEx_SetTxFiFo  stm32f4xx_hal_pcd_ex.o
    0x08001d06   0x08001d06   0x00000002   PAD
    0x08001d08   0x08001d08   0x0000000c   Code   RO         2287    .text.HAL_PCD_ConnectCallback  usbd_conf.o
    0x08001d14   0x08001d14   0x00000018   Code   RO         2273    .text.HAL_PCD_DataInStageCallback  usbd_conf.o
    0x08001d2c   0x08001d2c   0x0000001a   Code   RO         2271    .text.HAL_PCD_DataOutStageCallback  usbd_conf.o
    0x08001d46   0x08001d46   0x00000002   PAD
    0x08001d48   0x08001d48   0x0000000c   Code   RO         2289    .text.HAL_PCD_DisconnectCallback  usbd_conf.o
    0x08001d54   0x08001d54   0x0000004c   Code   RO          665    .text.HAL_PCD_EP_Close  stm32f4xx_hal_pcd.o
    0x08001da0   0x08001da0   0x00000064   Code   RO          675    .text.HAL_PCD_EP_ClrStall  stm32f4xx_hal_pcd.o
    0x08001e04   0x08001e04   0x00000038   Code   RO          677    .text.HAL_PCD_EP_Flush  stm32f4xx_hal_pcd.o
    0x08001e3c   0x08001e3c   0x00000012   Code   RO          669    .text.HAL_PCD_EP_GetRxCount  stm32f4xx_hal_pcd.o
    0x08001e4e   0x08001e4e   0x00000002   PAD
    0x08001e50   0x08001e50   0x00000060   Code   RO          663    .text.HAL_PCD_EP_Open  stm32f4xx_hal_pcd.o
    0x08001eb0   0x08001eb0   0x0000004c   Code   RO          667    .text.HAL_PCD_EP_Receive  stm32f4xx_hal_pcd.o
    0x08001efc   0x08001efc   0x00000078   Code   RO          673    .text.HAL_PCD_EP_SetStall  stm32f4xx_hal_pcd.o
    0x08001f74   0x08001f74   0x00000044   Code   RO          671    .text.HAL_PCD_EP_Transmit  stm32f4xx_hal_pcd.o
    0x08001fb8   0x08001fb8   0x0000092e   Code   RO          629    .text.HAL_PCD_IRQHandler  stm32f4xx_hal_pcd.o
    0x080028e6   0x080028e6   0x00000002   PAD
    0x080028e8   0x080028e8   0x0000000c   Code   RO         2285    .text.HAL_PCD_ISOINIncompleteCallback  usbd_conf.o
    0x080028f4   0x080028f4   0x0000000c   Code   RO         2283    .text.HAL_PCD_ISOOUTIncompleteCallback  usbd_conf.o
    0x08002900   0x08002900   0x0000013e   Code   RO          617    .text.HAL_PCD_Init  stm32f4xx_hal_pcd.o
    0x08002a3e   0x08002a3e   0x00000002   PAD
    0x08002a40   0x08002a40   0x00000088   Code   RO         2265    .text.HAL_PCD_MspInit  usbd_conf.o
    0x08002ac8   0x08002ac8   0x00000028   Code   RO         2277    .text.HAL_PCD_ResetCallback  usbd_conf.o
    0x08002af0   0x08002af0   0x0000000c   Code   RO         2281    .text.HAL_PCD_ResumeCallback  usbd_conf.o
    0x08002afc   0x08002afc   0x0000000c   Code   RO         2275    .text.HAL_PCD_SOFCallback  usbd_conf.o
    0x08002b08   0x08002b08   0x00000028   Code   RO          661    .text.HAL_PCD_SetAddress  stm32f4xx_hal_pcd.o
    0x08002b30   0x08002b30   0x00000012   Code   RO         2269    .text.HAL_PCD_SetupStageCallback  usbd_conf.o
    0x08002b42   0x08002b42   0x00000002   PAD
    0x08002b44   0x08002b44   0x0000003e   Code   RO          625    .text.HAL_PCD_Start  stm32f4xx_hal_pcd.o
    0x08002b82   0x08002b82   0x00000002   PAD
    0x08002b84   0x08002b84   0x00000034   Code   RO         2279    .text.HAL_PCD_SuspendCallback  usbd_conf.o
    0x08002bb8   0x08002bb8   0x0000014a   Code   RO          851    .text.HAL_RCCEx_PeriphCLKConfig  stm32f4xx_hal_rcc_ex.o
    0x08002d02   0x08002d02   0x00000002   PAD
    0x08002d04   0x08002d04   0x00000160   Code   RO          819    .text.HAL_RCC_ClockConfig  stm32f4xx_hal_rcc.o
    0x08002e64   0x08002e64   0x0000000c   Code   RO          829    .text.HAL_RCC_GetHCLKFreq  stm32f4xx_hal_rcc.o
    0x08002e70   0x08002e70   0x00000026   Code   RO          831    .text.HAL_RCC_GetPCLK1Freq  stm32f4xx_hal_rcc.o
    0x08002e96   0x08002e96   0x00000002   PAD
    0x08002e98   0x08002e98   0x00000026   Code   RO          833    .text.HAL_RCC_GetPCLK2Freq  stm32f4xx_hal_rcc.o
    0x08002ebe   0x08002ebe   0x00000002   PAD
    0x08002ec0   0x08002ec0   0x0000006a   Code   RO          821    .text.HAL_RCC_GetSysClockFreq  stm32f4xx_hal_rcc.o
    0x08002f2a   0x08002f2a   0x00000002   PAD
    0x08002f2c   0x08002f2c   0x00000378   Code   RO          817    .text.HAL_RCC_OscConfig  stm32f4xx_hal_rcc.o
    0x080032a4   0x080032a4   0x00000002   Code   RO         1304    .text.HAL_RNG_ErrorCallback  stm32f4xx_hal_rng.o
    0x080032a6   0x080032a6   0x00000002   PAD
    0x080032a8   0x080032a8   0x00000066   Code   RO         1298    .text.HAL_RNG_GetRandomNumber  stm32f4xx_hal_rng.o
    0x0800330e   0x0800330e   0x00000002   PAD
    0x08003310   0x08003310   0x0000005e   Code   RO         1302    .text.HAL_RNG_IRQHandler  stm32f4xx_hal_rng.o
    0x0800336e   0x0800336e   0x00000002   PAD
    0x08003370   0x08003370   0x00000032   Code   RO         1286    .text.HAL_RNG_Init  stm32f4xx_hal_rng.o
    0x080033a2   0x080033a2   0x00000002   PAD
    0x080033a4   0x080033a4   0x0000004a   Code   RO          397    .text.HAL_RNG_MspInit  rng.o
    0x080033ee   0x080033ee   0x00000002   PAD
    0x080033f0   0x080033f0   0x00000002   Code   RO         1306    .text.HAL_RNG_ReadyDataCallback  stm32f4xx_hal_rng.o
    0x080033f2   0x080033f2   0x00000002   PAD
    0x080033f4   0x080033f4   0x000000f0   Code   RO         1322    .text.HAL_RTC_Init  stm32f4xx_hal_rtc.o
    0x080034e4   0x080034e4   0x00000044   Code   RO          412    .text.HAL_RTC_MspInit  rtc.o
    0x08003528   0x08003528   0x00000160   Code   RO         1342    .text.HAL_RTC_SetDate  stm32f4xx_hal_rtc.o
    0x08003688   0x08003688   0x00000188   Code   RO         1334    .text.HAL_RTC_SetTime  stm32f4xx_hal_rtc.o
    0x08003810   0x08003810   0x00000008   Code   RO         2108    .text.HAL_SD_AbortCallback  bsp_driver_sd.o
    0x08003818   0x08003818   0x00000126   Code   RO         1614    .text.HAL_SD_ConfigWideBusOperation  stm32f4xx_hal_sd.o
    0x0800393e   0x0800393e   0x00000002   PAD
    0x08003940   0x08003940   0x00000002   Code   RO         1590    .text.HAL_SD_ErrorCallback  stm32f4xx_hal_sd.o
    0x08003942   0x08003942   0x00000002   PAD
    0x08003944   0x08003944   0x00000186   Code   RO         1608    .text.HAL_SD_GetCardCSD  stm32f4xx_hal_sd.o
    0x08003aca   0x08003aca   0x00000002   PAD
    0x08003acc   0x08003acc   0x00000024   Code   RO         1612    .text.HAL_SD_GetCardInfo  stm32f4xx_hal_sd.o
    0x08003af0   0x08003af0   0x0000002a   Code   RO         1616    .text.HAL_SD_GetCardState  stm32f4xx_hal_sd.o
    0x08003b1a   0x08003b1a   0x00000002   PAD
    0x08003b1c   0x08003b1c   0x000002a0   Code   RO         1588    .text.HAL_SD_IRQHandler  stm32f4xx_hal_sd.o
    0x08003dbc   0x08003dbc   0x00000040   Code   RO         1558    .text.HAL_SD_Init   stm32f4xx_hal_sd.o
    0x08003dfc   0x08003dfc   0x0000022c   Code   RO         1562    .text.HAL_SD_InitCard  stm32f4xx_hal_sd.o
    0x08004028   0x08004028   0x00000164   Code   RO          427    .text.HAL_SD_MspInit  sdio.o
    0x0800418c   0x0800418c   0x0000013a   Code   RO         1576    .text.HAL_SD_ReadBlocks_DMA  stm32f4xx_hal_sd.o
    0x080042c6   0x080042c6   0x00000002   PAD
    0x080042c8   0x080042c8   0x00000008   Code   RO         2116    .text.HAL_SD_RxCpltCallback  bsp_driver_sd.o
    0x080042d0   0x080042d0   0x00000008   Code   RO         2112    .text.HAL_SD_TxCpltCallback  bsp_driver_sd.o
    0x080042d8   0x080042d8   0x0000013c   Code   RO         1582    .text.HAL_SD_WriteBlocks_DMA  stm32f4xx_hal_sd.o
    0x08004414   0x08004414   0x0000005c   Code   RO         1238    .text.HAL_SRAM_Init  stm32f4xx_hal_sram.o
    0x08004470   0x08004470   0x000000aa   Code   RO          379    .text.HAL_SRAM_MspInit  fsmc.o
    0x0800451a   0x0800451a   0x00000002   PAD
    0x0800451c   0x0800451c   0x00000018   Code   RO         1090    .text.HAL_SYSTICK_CLKSourceConfig  stm32f4xx_hal_cortex.o
    0x08004534   0x08004534   0x0000002c   Code   RO         1070    .text.HAL_SYSTICK_Config  stm32f4xx_hal_cortex.o
    0x08004560   0x08004560   0x00000002   Code   RO         1937    .text.HAL_TIMEx_BreakCallback  stm32f4xx_hal_tim_ex.o
    0x08004562   0x08004562   0x00000002   PAD
    0x08004564   0x08004564   0x00000002   Code   RO         1933    .text.HAL_TIMEx_CommutCallback  stm32f4xx_hal_tim_ex.o
    0x08004566   0x08004566   0x00000002   PAD
    0x08004568   0x08004568   0x000000b6   Code   RO         1927    .text.HAL_TIMEx_MasterConfigSynchronization  stm32f4xx_hal_tim_ex.o
    0x0800461e   0x0800461e   0x00000002   PAD
    0x08004620   0x08004620   0x0000005a   Code   RO         1632    .text.HAL_TIM_Base_Init  stm32f4xx_hal_tim.o
    0x0800467a   0x0800467a   0x00000002   PAD
    0x0800467c   0x0800467c   0x00000044   Code   RO          444    .text.HAL_TIM_Base_MspInit  tim.o
    0x080046c0   0x080046c0   0x000000aa   Code   RO         1646    .text.HAL_TIM_Base_Start_IT  stm32f4xx_hal_tim.o
    0x0800476a   0x0800476a   0x00000002   PAD
    0x0800476c   0x0800476c   0x0000019c   Code   RO         1812    .text.HAL_TIM_ConfigClockSource  stm32f4xx_hal_tim.o
    0x08004908   0x08004908   0x00000002   Code   RO         1768    .text.HAL_TIM_IC_CaptureCallback  stm32f4xx_hal_tim.o
    0x0800490a   0x0800490a   0x00000002   PAD
    0x0800490c   0x0800490c   0x00000170   Code   RO         1766    .text.HAL_TIM_IRQHandler  stm32f4xx_hal_tim.o
    0x08004a7c   0x08004a7c   0x00000002   Code   RO         1770    .text.HAL_TIM_OC_DelayElapsedCallback  stm32f4xx_hal_tim.o
    0x08004a7e   0x08004a7e   0x00000002   PAD
    0x08004a80   0x08004a80   0x00000002   Code   RO         1772    .text.HAL_TIM_PWM_PulseFinishedCallback  stm32f4xx_hal_tim.o
    0x08004a82   0x08004a82   0x00000002   PAD
    0x08004a84   0x08004a84   0x0000007c   Code   RO          338    .text.HAL_TIM_PeriodElapsedCallback  main.o
    0x08004b00   0x08004b00   0x00000002   Code   RO         1776    .text.HAL_TIM_TriggerCallback  stm32f4xx_hal_tim.o
    0x08004b02   0x08004b02   0x00000002   PAD
    0x08004b04   0x08004b04   0x0000005e   Code   RO         1951    .text.HAL_UART_Init  stm32f4xx_hal_uart.o
    0x08004b62   0x08004b62   0x00000002   PAD
    0x08004b64   0x08004b64   0x0000006c   Code   RO          467    .text.HAL_UART_MspInit  usart.o
    0x08004bd0   0x08004bd0   0x0000000c   Code   RO          509    .text.HASH_RNG_IRQHandler  stm32f4xx_it.o
    0x08004bdc   0x08004bdc   0x00000002   Code   RO          483    .text.HardFault_Handler  stm32f4xx_it.o
    0x08004bde   0x08004bde   0x00000002   PAD
    0x08004be0   0x08004be0   0x0000011e   Code   RO          596    .text.Load_bmp_with_backgroung_from_sram  sram.o
    0x08004cfe   0x08004cfe   0x00000002   PAD
    0x08004d00   0x08004d00   0x0000006a   Code   RO         2628    .text.MSC_BOT_Abort  usbd_msc_bot.o
    0x08004d6a   0x08004d6a   0x00000002   PAD
    0x08004d6c   0x08004d6c   0x0000008c   Code   RO         2626    .text.MSC_BOT_CplClrFeature  usbd_msc_bot.o
    0x08004df8   0x08004df8   0x0000009e   Code   RO         2620    .text.MSC_BOT_DataIn  usbd_msc_bot.o
    0x08004e96   0x08004e96   0x00000002   PAD
    0x08004e98   0x08004e98   0x0000012e   Code   RO         2624    .text.MSC_BOT_DataOut  usbd_msc_bot.o
    0x08004fc6   0x08004fc6   0x00000002   PAD
    0x08004fc8   0x08004fc8   0x00000016   Code   RO         2618    .text.MSC_BOT_DeInit  usbd_msc_bot.o
    0x08004fde   0x08004fde   0x00000002   PAD
    0x08004fe0   0x08004fe0   0x0000005c   Code   RO         2614    .text.MSC_BOT_Init  usbd_msc_bot.o
    0x0800503c   0x0800503c   0x0000004c   Code   RO         2616    .text.MSC_BOT_Reset  usbd_msc_bot.o
    0x08005088   0x08005088   0x00000058   Code   RO         2622    .text.MSC_BOT_SendCSW  usbd_msc_bot.o
    0x080050e0   0x080050e0   0x0000004a   Code   RO         2630    .text.MSC_BOT_SendData  usbd_msc_bot.o
    0x0800512a   0x0800512a   0x00000002   PAD
    0x0800512c   0x0800512c   0x00000048   Code   RO          368    .text.MX_DMA_Init   dma.o
    0x08005174   0x08005174   0x000000c0   Code   RO         2154    .text.MX_FATFS_Init  fatfs.o
    0x08005234   0x08005234   0x000000c6   Code   RO          377    .text.MX_FSMC_Init  fsmc.o
    0x080052fa   0x080052fa   0x00000002   PAD
    0x080052fc   0x080052fc   0x00000106   Code   RO          359    .text.MX_GPIO_Init  gpio.o
    0x08005402   0x08005402   0x00000002   PAD
    0x08005404   0x08005404   0x00000026   Code   RO          395    .text.MX_RNG_Init   rng.o
    0x0800542a   0x0800542a   0x00000002   PAD
    0x0800542c   0x0800542c   0x00000086   Code   RO          410    .text.MX_RTC_Init   rtc.o
    0x080054b2   0x080054b2   0x00000002   PAD
    0x080054b4   0x080054b4   0x00000022   Code   RO          425    .text.MX_SDIO_SD_Init  sdio.o
    0x080054d6   0x080054d6   0x00000002   PAD
    0x080054d8   0x080054d8   0x00000072   Code   RO          442    .text.MX_TIM2_Init  tim.o
    0x0800554a   0x0800554a   0x00000002   PAD
    0x0800554c   0x0800554c   0x0000003c   Code   RO          465    .text.MX_USART1_UART_Init  usart.o
    0x08005588   0x08005588   0x0000006e   Code   RO         2205    .text.MX_USB_DEVICE_Init  usb_device.o
    0x080055f6   0x080055f6   0x00000002   PAD
    0x080055f8   0x080055f8   0x00000002   Code   RO          485    .text.MemManage_Handler  stm32f4xx_it.o
    0x080055fa   0x080055fa   0x00000002   PAD
    0x080055fc   0x080055fc   0x00000002   Code   RO          481    .text.NMI_Handler   stm32f4xx_it.o
    0x080055fe   0x080055fe   0x00000002   PAD
    0x08005600   0x08005600   0x0000000c   Code   RO          505    .text.OTG_FS_IRQHandler  stm32f4xx_it.o
    0x0800560c   0x0800560c   0x00000002   Code   RO          495    .text.PendSV_Handler  stm32f4xx_it.o
    0x0800560e   0x0800560e   0x00000002   PAD
    0x08005610   0x08005610   0x00000046   Code   RO         2653    .text.SCSI_CheckAddressRange  usbd_msc_scsi.o
    0x08005656   0x08005656   0x00000002   PAD
    0x08005658   0x08005658   0x00000c34   Code   RO         2649    .text.SCSI_ProcessCmd  usbd_msc_scsi.o
    0x0800628c   0x0800628c   0x000000ca   Code   RO         2655    .text.SCSI_ProcessRead  usbd_msc_scsi.o
    0x08006356   0x08006356   0x00000002   PAD
    0x08006358   0x08006358   0x000000de   Code   RO         2657    .text.SCSI_ProcessWrite  usbd_msc_scsi.o
    0x08006436   0x08006436   0x00000002   PAD
    0x08006438   0x08006438   0x0000003a   Code   RO         2651    .text.SCSI_SenseCode  usbd_msc_scsi.o
    0x08006472   0x08006472   0x00000002   PAD
    0x08006474   0x08006474   0x00000026   Code   RO         1478    .text.SDIO_ConfigData  stm32f4xx_ll_sdmmc.o
    0x0800649a   0x0800649a   0x00000002   PAD
    0x0800649c   0x0800649c   0x00000008   Code   RO         1470    .text.SDIO_GetPowerState  stm32f4xx_ll_sdmmc.o
    0x080064a4   0x080064a4   0x00000006   Code   RO         1476    .text.SDIO_GetResponse  stm32f4xx_ll_sdmmc.o
    0x080064aa   0x080064aa   0x00000002   PAD
    0x080064ac   0x080064ac   0x0000000c   Code   RO          501    .text.SDIO_IRQHandler  stm32f4xx_it.o
    0x080064b8   0x080064b8   0x0000002c   Code   RO         1460    .text.SDIO_Init     stm32f4xx_ll_sdmmc.o
    0x080064e4   0x080064e4   0x0000000a   Code   RO         1466    .text.SDIO_PowerState_ON  stm32f4xx_ll_sdmmc.o
    0x080064ee   0x080064ee   0x00000002   PAD
    0x080064f0   0x080064f0   0x00000006   Code   RO         1462    .text.SDIO_ReadFIFO  stm32f4xx_ll_sdmmc.o
    0x080064f6   0x080064f6   0x00000002   PAD
    0x080064f8   0x080064f8   0x0000000c   Code   RO         1464    .text.SDIO_WriteFIFO  stm32f4xx_ll_sdmmc.o
    0x08006504   0x08006504   0x00000018   Code   RO         1518    .text.SDMMC_CmdAppCommand  stm32f4xx_ll_sdmmc.o
    0x0800651c   0x0800651c   0x00000090   Code   RO         1520    .text.SDMMC_CmdAppOperCommand  stm32f4xx_ll_sdmmc.o
    0x080065ac   0x080065ac   0x00000018   Code   RO         1486    .text.SDMMC_CmdBlockLength  stm32f4xx_ll_sdmmc.o
    0x080065c4   0x080065c4   0x00000018   Code   RO         1524    .text.SDMMC_CmdBusWidth  stm32f4xx_ll_sdmmc.o
    0x080065dc   0x080065dc   0x00000060   Code   RO         1512    .text.SDMMC_CmdGoIdleState  stm32f4xx_ll_sdmmc.o
    0x0800663c   0x0800663c   0x000000a6   Code   RO         1514    .text.SDMMC_CmdOperCond  stm32f4xx_ll_sdmmc.o
    0x080066e2   0x080066e2   0x00000002   PAD
    0x080066e4   0x080066e4   0x00000018   Code   RO         1492    .text.SDMMC_CmdReadMultiBlock  stm32f4xx_ll_sdmmc.o
    0x080066fc   0x080066fc   0x00000018   Code   RO         1490    .text.SDMMC_CmdReadSingleBlock  stm32f4xx_ll_sdmmc.o
    0x08006714   0x08006714   0x00000018   Code   RO         1510    .text.SDMMC_CmdSelDesel  stm32f4xx_ll_sdmmc.o
    0x0800672c   0x0800672c   0x0000009c   Code   RO         1528    .text.SDMMC_CmdSendCID  stm32f4xx_ll_sdmmc.o
    0x080067c8   0x080067c8   0x0000009c   Code   RO         1532    .text.SDMMC_CmdSendCSD  stm32f4xx_ll_sdmmc.o
    0x08006864   0x08006864   0x0000001a   Code   RO         1526    .text.SDMMC_CmdSendSCR  stm32f4xx_ll_sdmmc.o
    0x0800687e   0x0800687e   0x00000002   PAD
    0x08006880   0x08006880   0x00000018   Code   RO         1540    .text.SDMMC_CmdSendStatus  stm32f4xx_ll_sdmmc.o
    0x08006898   0x08006898   0x000000cc   Code   RO         1534    .text.SDMMC_CmdSetRelAdd  stm32f4xx_ll_sdmmc.o
    0x08006964   0x08006964   0x0000001e   Code   RO         1508    .text.SDMMC_CmdStopTransfer  stm32f4xx_ll_sdmmc.o
    0x08006982   0x08006982   0x00000002   PAD
    0x08006984   0x08006984   0x00000018   Code   RO         1496    .text.SDMMC_CmdWriteMultiBlock  stm32f4xx_ll_sdmmc.o
    0x0800699c   0x0800699c   0x00000018   Code   RO         1494    .text.SDMMC_CmdWriteSingleBlock  stm32f4xx_ll_sdmmc.o
    0x080069b4   0x080069b4   0x00000166   Code   RO         1488    .text.SDMMC_GetCmdResp1  stm32f4xx_ll_sdmmc.o
    0x08006b1a   0x08006b1a   0x00000002   PAD
    0x08006b1c   0x08006b1c   0x00000076   Code   RO         1580    .text.SD_DMAError   stm32f4xx_hal_sd.o
    0x08006b92   0x08006b92   0x00000002   PAD
    0x08006b94   0x08006b94   0x00000042   Code   RO         1578    .text.SD_DMAReceiveCplt  stm32f4xx_hal_sd.o
    0x08006bd6   0x08006bd6   0x00000002   PAD
    0x08006bd8   0x08006bd8   0x0000006a   Code   RO         1598    .text.SD_DMARxAbort  stm32f4xx_hal_sd.o
    0x08006c42   0x08006c42   0x00000002   PAD
    0x08006c44   0x08006c44   0x0000000e   Code   RO         1584    .text.SD_DMATransmitCplt  stm32f4xx_hal_sd.o
    0x08006c52   0x08006c52   0x00000002   PAD
    0x08006c54   0x08006c54   0x0000006a   Code   RO         1596    .text.SD_DMATxAbort  stm32f4xx_hal_sd.o
    0x08006cbe   0x08006cbe   0x00000002   PAD
    0x08006cc0   0x08006cc0   0x000000d6   Code   RO         1622    .text.SD_FindSCR    stm32f4xx_hal_sd.o
    0x08006d96   0x08006d96   0x00000002   PAD
    0x08006d98   0x08006d98   0x0000002e   Code   RO         2128    .text.SD_initialize  sd_diskio.o
    0x08006dc6   0x08006dc6   0x00000002   PAD
    0x08006dc8   0x08006dc8   0x00000056   Code   RO         2136    .text.SD_ioctl      sd_diskio.o
    0x08006e1e   0x08006e1e   0x00000002   PAD
    0x08006e20   0x08006e20   0x0000009c   Code   RO         2132    .text.SD_read       sd_diskio.o
    0x08006ebc   0x08006ebc   0x00000024   Code   RO         2130    .text.SD_status     sd_diskio.o
    0x08006ee0   0x08006ee0   0x000000a0   Code   RO         2134    .text.SD_write      sd_diskio.o
    0x08006f80   0x08006f80   0x00000014   Code   RO         2243    .text.STORAGE_GetCapacity_FS  usbd_storage_if.o
    0x08006f94   0x08006f94   0x00000004   Code   RO         2253    .text.STORAGE_GetMaxLun_FS  usbd_storage_if.o
    0x08006f98   0x08006f98   0x00000012   Code   RO         2241    .text.STORAGE_Init_FS  usbd_storage_if.o
    0x08006faa   0x08006faa   0x00000002   PAD
    0x08006fac   0x08006fac   0x00000012   Code   RO         2245    .text.STORAGE_IsReady_FS  usbd_storage_if.o
    0x08006fbe   0x08006fbe   0x00000002   PAD
    0x08006fc0   0x08006fc0   0x00000004   Code   RO         2247    .text.STORAGE_IsWriteProtected_FS  usbd_storage_if.o
    0x08006fc4   0x08006fc4   0x00000014   Code   RO         2249    .text.STORAGE_Read_FS  usbd_storage_if.o
    0x08006fd8   0x08006fd8   0x00000014   Code   RO         2251    .text.STORAGE_Write_FS  usbd_storage_if.o
    0x08006fec   0x08006fec   0x00000002   Code   RO          491    .text.SVC_Handler   stm32f4xx_it.o
    0x08006fee   0x08006fee   0x00000002   PAD
    0x08006ff0   0x08006ff0   0x00000004   Code   RO          497    .text.SysTick_Handler  stm32f4xx_it.o
    0x08006ff4   0x08006ff4   0x000000b4   Code   RO          342    .text.SystemClock_Config  main.o
    0x080070a8   0x080070a8   0x00000012   Code   RO         2071    .text.SystemInit    system_stm32f4xx.o
    0x080070ba   0x080070ba   0x00000002   PAD
    0x080070bc   0x080070bc   0x0000000c   Code   RO          499    .text.TIM2_IRQHandler  stm32f4xx_it.o
    0x080070c8   0x080070c8   0x0000013c   Code   RO         1636    .text.TIM_Base_SetConfig  stm32f4xx_hal_tim.o
    0x08007204   0x08007204   0x000000e2   Code   RO         1955    .text.UART_SetConfig  stm32f4xx_hal_uart.o
    0x080072e6   0x080072e6   0x00000002   PAD
    0x080072e8   0x080072e8   0x00000012   Code   RO         2496    .text.USBD_ClrClassConfig  usbd_core.o
    0x080072fa   0x080072fa   0x00000002   PAD
    0x080072fc   0x080072fc   0x00000004   Code   RO         2504    .text.USBD_CoreFindEP  usbd_core.o
    0x08007300   0x08007300   0x00000004   Code   RO         2502    .text.USBD_CoreFindIF  usbd_core.o
    0x08007304   0x08007304   0x00000010   Code   RO         2565    .text.USBD_CtlContinueRx  usbd_ioreq.o
    0x08007314   0x08007314   0x00000010   Code   RO         2561    .text.USBD_CtlContinueSendData  usbd_ioreq.o
    0x08007324   0x08007324   0x00000014   Code   RO         2540    .text.USBD_CtlError  usbd_ctlreq.o
    0x08007338   0x08007338   0x00000016   Code   RO         2569    .text.USBD_CtlReceiveStatus  usbd_ioreq.o
    0x0800734e   0x0800734e   0x00000002   PAD
    0x08007350   0x08007350   0x0000001a   Code   RO         2559    .text.USBD_CtlSendData  usbd_ioreq.o
    0x0800736a   0x0800736a   0x00000002   PAD
    0x0800736c   0x0800736c   0x00000016   Code   RO         2567    .text.USBD_CtlSendStatus  usbd_ioreq.o
    0x08007382   0x08007382   0x00000002   PAD
    0x08007384   0x08007384   0x00000024   Code   RO         2224    .text.USBD_FS_ConfigStrDescriptor  usbd_desc.o
    0x080073a8   0x080073a8   0x0000000e   Code   RO         2214    .text.USBD_FS_DeviceDescriptor  usbd_desc.o
    0x080073b6   0x080073b6   0x00000002   PAD
    0x080073b8   0x080073b8   0x00000028   Code   RO         2226    .text.USBD_FS_InterfaceStrDescriptor  usbd_desc.o
    0x080073e0   0x080073e0   0x0000000e   Code   RO         2216    .text.USBD_FS_LangIDStrDescriptor  usbd_desc.o
    0x080073ee   0x080073ee   0x00000002   PAD
    0x080073f0   0x080073f0   0x0000002c   Code   RO         2218    .text.USBD_FS_ManufacturerStrDescriptor  usbd_desc.o
    0x0800741c   0x0800741c   0x0000002c   Code   RO         2220    .text.USBD_FS_ProductStrDescriptor  usbd_desc.o
    0x08007448   0x08007448   0x00000084   Code   RO         2222    .text.USBD_FS_SerialStrDescriptor  usbd_desc.o
    0x080074cc   0x080074cc   0x00000030   Code   RO         2526    .text.USBD_GetEpDesc  usbd_core.o
    0x080074fc   0x080074fc   0x00000070   Code   RO         2548    .text.USBD_GetString  usbd_ctlreq.o
    0x0800756c   0x0800756c   0x0000002e   Code   RO         2482    .text.USBD_Init     usbd_core.o
    0x0800759a   0x0800759a   0x00000002   PAD
    0x0800759c   0x0800759c   0x00000022   Code   RO         2309    .text.USBD_LL_ClearStallEP  usbd_conf.o
    0x080075be   0x080075be   0x00000002   PAD
    0x080075c0   0x080075c0   0x00000022   Code   RO         2303    .text.USBD_LL_CloseEP  usbd_conf.o
    0x080075e2   0x080075e2   0x00000002   PAD
    0x080075e4   0x080075e4   0x000000b2   Code   RO         2506    .text.USBD_LL_DataInStage  usbd_core.o
    0x08007696   0x08007696   0x00000002   PAD
    0x08007698   0x08007698   0x00000078   Code   RO         2500    .text.USBD_LL_DataOutStage  usbd_core.o
    0x08007710   0x08007710   0x00000004   Code   RO         2522    .text.USBD_LL_DevConnected  usbd_core.o
    0x08007714   0x08007714   0x00000020   Code   RO         2524    .text.USBD_LL_DevDisconnected  usbd_core.o
    0x08007734   0x08007734   0x00000022   Code   RO         2305    .text.USBD_LL_FlushEP  usbd_conf.o
    0x08007756   0x08007756   0x00000002   PAD
    0x08007758   0x08007758   0x0000000c   Code   RO         2319    .text.USBD_LL_GetRxDataSize  usbd_conf.o
    0x08007764   0x08007764   0x0000006e   Code   RO         2291    .text.USBD_LL_Init  usbd_conf.o
    0x080077d2   0x080077d2   0x00000002   PAD
    0x080077d4   0x080077d4   0x00000020   Code   RO         2311    .text.USBD_LL_IsStallEP  usbd_conf.o
    0x080077f4   0x080077f4   0x00000026   Code   RO         2518    .text.USBD_LL_IsoINIncomplete  usbd_core.o
    0x0800781a   0x0800781a   0x00000002   PAD
    0x0800781c   0x0800781c   0x00000026   Code   RO         2520    .text.USBD_LL_IsoOUTIncomplete  usbd_core.o
    0x08007842   0x08007842   0x00000002   PAD
    0x08007844   0x08007844   0x00000028   Code   RO         2301    .text.USBD_LL_OpenEP  usbd_conf.o
    0x0800786c   0x0800786c   0x00000022   Code   RO         2317    .text.USBD_LL_PrepareReceive  usbd_conf.o
    0x0800788e   0x0800788e   0x00000002   PAD
    0x08007890   0x08007890   0x00000064   Code   RO         2508    .text.USBD_LL_Reset  usbd_core.o
    0x080078f4   0x080078f4   0x00000014   Code   RO         2514    .text.USBD_LL_Resume  usbd_core.o
    0x08007908   0x08007908   0x0000001c   Code   RO         2516    .text.USBD_LL_SOF   usbd_core.o
    0x08007924   0x08007924   0x00000008   Code   RO         2510    .text.USBD_LL_SetSpeed  usbd_core.o
    0x0800792c   0x0800792c   0x00000022   Code   RO         2313    .text.USBD_LL_SetUSBAddress  usbd_conf.o
    0x0800794e   0x0800794e   0x00000002   PAD
    0x08007950   0x08007950   0x00000058   Code   RO         2498    .text.USBD_LL_SetupStage  usbd_core.o
    0x080079a8   0x080079a8   0x00000022   Code   RO         2307    .text.USBD_LL_StallEP  usbd_conf.o
    0x080079ca   0x080079ca   0x00000002   PAD
    0x080079cc   0x080079cc   0x00000022   Code   RO         2297    .text.USBD_LL_Start  usbd_conf.o
    0x080079ee   0x080079ee   0x00000002   PAD
    0x080079f0   0x080079f0   0x00000014   Code   RO         2512    .text.USBD_LL_Suspend  usbd_core.o
    0x08007a04   0x08007a04   0x00000022   Code   RO         2315    .text.USBD_LL_Transmit  usbd_conf.o
    0x08007a26   0x08007a26   0x00000002   PAD
    0x08007a28   0x08007a28   0x0000000a   Code   RO         2587    .text.USBD_MSC_DataIn  usbd_msc.o
    0x08007a32   0x08007a32   0x00000002   PAD
    0x08007a34   0x08007a34   0x0000000a   Code   RO         2589    .text.USBD_MSC_DataOut  usbd_msc.o
    0x08007a3e   0x08007a3e   0x00000002   PAD
    0x08007a40   0x08007a40   0x0000007c   Code   RO         2583    .text.USBD_MSC_DeInit  usbd_msc.o
    0x08007abc   0x08007abc   0x00000010   Code   RO         2597    .text.USBD_MSC_GetDeviceQualifierDescriptor  usbd_msc.o
    0x08007acc   0x08007acc   0x0000003c   Code   RO         2593    .text.USBD_MSC_GetFSCfgDesc  usbd_msc.o
    0x08007b08   0x08007b08   0x00000040   Code   RO         2591    .text.USBD_MSC_GetHSCfgDesc  usbd_msc.o
    0x08007b48   0x08007b48   0x0000003c   Code   RO         2595    .text.USBD_MSC_GetOtherSpeedCfgDesc  usbd_msc.o
    0x08007b84   0x08007b84   0x00000090   Code   RO         2581    .text.USBD_MSC_Init  usbd_msc.o
    0x08007c14   0x08007c14   0x00000018   Code   RO         2599    .text.USBD_MSC_RegisterStorage  usbd_msc.o
    0x08007c2c   0x08007c2c   0x000000e8   Code   RO         2585    .text.USBD_MSC_Setup  usbd_msc.o
    0x08007d14   0x08007d14   0x00000016   Code   RO         2546    .text.USBD_ParseSetupRequest  usbd_ctlreq.o
    0x08007d2a   0x08007d2a   0x00000002   PAD
    0x08007d2c   0x08007d2c   0x00000042   Code   RO         2486    .text.USBD_RegisterClass  usbd_core.o
    0x08007d6e   0x08007d6e   0x00000002   PAD
    0x08007d70   0x08007d70   0x00000012   Code   RO         2494    .text.USBD_SetClassConfig  usbd_core.o
    0x08007d82   0x08007d82   0x00000002   PAD
    0x08007d84   0x08007d84   0x00000008   Code   RO         2488    .text.USBD_Start    usbd_core.o
    0x08007d8c   0x08007d8c   0x0000042e   Code   RO         2538    .text.USBD_StdDevReq  usbd_ctlreq.o
    0x080081ba   0x080081ba   0x00000002   PAD
    0x080081bc   0x080081bc   0x0000018a   Code   RO         2544    .text.USBD_StdEPReq  usbd_ctlreq.o
    0x08008346   0x08008346   0x00000002   PAD
    0x08008348   0x08008348   0x00000090   Code   RO         2542    .text.USBD_StdItfReq  usbd_ctlreq.o
    0x080083d8   0x080083d8   0x00000002   Code   RO         2323    .text.USBD_static_free  usbd_conf.o
    0x080083da   0x080083da   0x00000002   PAD
    0x080083dc   0x080083dc   0x0000000a   Code   RO         2321    .text.USBD_static_malloc  usbd_conf.o
    0x080083e6   0x080083e6   0x00000002   PAD
    0x080083e8   0x080083e8   0x0000008a   Code   RO          733    .text.USB_ActivateEndpoint  stm32f4xx_ll_usb.o
    0x08008472   0x08008472   0x00000002   PAD
    0x08008474   0x08008474   0x00000020   Code   RO          775    .text.USB_ActivateSetup  stm32f4xx_ll_usb.o
    0x08008494   0x08008494   0x000001de   Code   RO          711    .text.USB_CoreInit  stm32f4xx_ll_usb.o
    0x08008672   0x08008672   0x00000002   PAD
    0x08008674   0x08008674   0x00000084   Code   RO          737    .text.USB_DeactivateEndpoint  stm32f4xx_ll_usb.o
    0x080086f8   0x080086f8   0x0000001e   Code   RO          759    .text.USB_DevConnect  stm32f4xx_ll_usb.o
    0x08008716   0x08008716   0x00000002   PAD
    0x08008718   0x08008718   0x0000001e   Code   RO          761    .text.USB_DevDisconnect  stm32f4xx_ll_usb.o
    0x08008736   0x08008736   0x00000002   PAD
    0x08008738   0x08008738   0x00000482   Code   RO          723    .text.USB_DevInit   stm32f4xx_ll_usb.o
    0x08008bba   0x08008bba   0x00000002   PAD
    0x08008bbc   0x08008bbc   0x0000000e   Code   RO          717    .text.USB_DisableGlobalInt  stm32f4xx_ll_usb.o
    0x08008bca   0x08008bca   0x00000002   PAD
    0x08008bcc   0x08008bcc   0x000000fc   Code   RO          745    .text.USB_EP0StartXfer  stm32f4xx_ll_usb.o
    0x08008cc8   0x08008cc8   0x0000005a   Code   RO          777    .text.USB_EP0_OutStart  stm32f4xx_ll_usb.o
    0x08008d22   0x08008d22   0x00000002   PAD
    0x08008d24   0x08008d24   0x0000004e   Code   RO          753    .text.USB_EPClearStall  stm32f4xx_ll_usb.o
    0x08008d72   0x08008d72   0x00000002   PAD
    0x08008d74   0x08008d74   0x0000003e   Code   RO          751    .text.USB_EPSetStall  stm32f4xx_ll_usb.o
    0x08008db2   0x08008db2   0x00000002   PAD
    0x08008db4   0x08008db4   0x00000200   Code   RO          741    .text.USB_EPStartXfer  stm32f4xx_ll_usb.o
    0x08008fb4   0x08008fb4   0x0000010e   Code   RO          747    .text.USB_EPStopXfer  stm32f4xx_ll_usb.o
    0x080090c2   0x080090c2   0x00000002   PAD
    0x080090c4   0x080090c4   0x0000000e   Code   RO          715    .text.USB_EnableGlobalInt  stm32f4xx_ll_usb.o
    0x080090d2   0x080090d2   0x00000002   PAD
    0x080090d4   0x080090d4   0x000000b6   Code   RO          729    .text.USB_FlushRxFifo  stm32f4xx_ll_usb.o
    0x0800918a   0x0800918a   0x00000002   PAD
    0x0800918c   0x0800918c   0x000000b6   Code   RO          727    .text.USB_FlushTxFifo  stm32f4xx_ll_usb.o
    0x08009242   0x08009242   0x00000002   PAD
    0x08009244   0x08009244   0x0000001a   Code   RO          731    .text.USB_GetDevSpeed  stm32f4xx_ll_usb.o
    0x0800925e   0x0800925e   0x00000002   PAD
    0x08009260   0x08009260   0x00000008   Code   RO          721    .text.USB_GetMode   stm32f4xx_ll_usb.o
    0x08009268   0x08009268   0x0000000e   Code   RO          767    .text.USB_ReadDevAllInEpInterrupt  stm32f4xx_ll_usb.o
    0x08009276   0x08009276   0x00000002   PAD
    0x08009278   0x08009278   0x0000000e   Code   RO          765    .text.USB_ReadDevAllOutEpInterrupt  stm32f4xx_ll_usb.o
    0x08009286   0x08009286   0x00000002   PAD
    0x08009288   0x08009288   0x00000024   Code   RO          771    .text.USB_ReadDevInEPInterrupt  stm32f4xx_ll_usb.o
    0x080092ac   0x080092ac   0x00000010   Code   RO          769    .text.USB_ReadDevOutEPInterrupt  stm32f4xx_ll_usb.o
    0x080092bc   0x080092bc   0x00000008   Code   RO          763    .text.USB_ReadInterrupts  stm32f4xx_ll_usb.o
    0x080092c4   0x080092c4   0x000000aa   Code   RO          749    .text.USB_ReadPacket  stm32f4xx_ll_usb.o
    0x0800936e   0x0800936e   0x00000002   PAD
    0x08009370   0x08009370   0x00000064   Code   RO          719    .text.USB_SetCurrentMode  stm32f4xx_ll_usb.o
    0x080093d4   0x080093d4   0x00000022   Code   RO          757    .text.USB_SetDevAddress  stm32f4xx_ll_usb.o
    0x080093f6   0x080093f6   0x00000002   PAD
    0x080093f8   0x080093f8   0x00000120   Code   RO          713    .text.USB_SetTurnaroundTime  stm32f4xx_ll_usb.o
    0x08009518   0x08009518   0x00000072   Code   RO          743    .text.USB_WritePacket  stm32f4xx_ll_usb.o
    0x0800958a   0x0800958a   0x00000002   PAD
    0x0800958c   0x0800958c   0x00000002   Code   RO          489    .text.UsageFault_Handler  stm32f4xx_it.o
    0x0800958e   0x0800958e   0x00000002   PAD
    0x08009590   0x08009590   0x00000002   Code   RO          459    .text._sys_exit     usart.o
    0x08009592   0x08009592   0x00000002   PAD
    0x08009594   0x08009594   0x00000002   Code   RO          457    .text._ttywrch      usart.o
    0x08009596   0x08009596   0x00000002   PAD
    0x08009598   0x08009598   0x00000004   Code   RO          190    .text.at24cxx_init  24cxx.o
    0x0800959c   0x0800959c   0x00000062   Code   RO          198    .text.at24cxx_read  24cxx.o
    0x080095fe   0x080095fe   0x00000002   PAD
    0x08009600   0x08009600   0x00000044   Code   RO          192    .text.at24cxx_read_one_byte  24cxx.o
    0x08009644   0x08009644   0x0000005c   Code   RO          200    .text.at24cxx_write  24cxx.o
    0x080096a0   0x080096a0   0x00000040   Code   RO          194    .text.at24cxx_write_one_byte  24cxx.o
    0x080096e0   0x080096e0   0x00000080   Code   RO          558    .text.check_click   game.o
    0x08009760   0x08009760   0x00000174   Code   RO          540    .text.check_drop_item  game.o
    0x080098d4   0x080098d4   0x000000ce   Code   RO         2379    .text.create_chain  ff.o
    0x080099a2   0x080099a2   0x00000002   PAD
    0x080099a4   0x080099a4   0x000000a0   Code   RO          210    .text.ct_iic_init   ctiic.o
    0x08009a44   0x08009a44   0x00000252   Code   RO          224    .text.ct_iic_read_byte  ctiic.o
    0x08009c96   0x08009c96   0x00000002   PAD
    0x08009c98   0x08009c98   0x0000018e   Code   RO          222    .text.ct_iic_send_byte  ctiic.o
    0x08009e26   0x08009e26   0x00000002   PAD
    0x08009e28   0x08009e28   0x00000050   Code   RO          214    .text.ct_iic_start  ctiic.o
    0x08009e78   0x08009e78   0x00000044   Code   RO          212    .text.ct_iic_stop   ctiic.o
    0x08009ebc   0x08009ebc   0x000000aa   Code   RO          216    .text.ct_iic_wait_ack  ctiic.o
    0x08009f66   0x08009f66   0x00000002   PAD
    0x08009f68   0x08009f68   0x0000002c   Code   RO          323    .text.delay_init    delay.o
    0x08009f94   0x08009f94   0x000001ba   Code   RO          327    .text.delay_ms      delay.o
    0x0800a14e   0x0800a14e   0x00000002   PAD
    0x0800a150   0x0800a150   0x0000004e   Code   RO          325    .text.delay_us      delay.o
    0x0800a19e   0x0800a19e   0x00000002   PAD
    0x0800a1a0   0x0800a1a0   0x000001ae   Code   RO         2429    .text.dir_find      ff.o
    0x0800a34e   0x0800a34e   0x00000002   PAD
    0x0800a350   0x0800a350   0x00000160   Code   RO         2401    .text.dir_next      ff.o
    0x0800a4b0   0x0800a4b0   0x000002e6   Code   RO         2365    .text.dir_register  ff.o
    0x0800a796   0x0800a796   0x00000002   PAD
    0x0800a798   0x0800a798   0x000000a0   Code   RO         2391    .text.dir_sdi       ff.o
    0x0800a838   0x0800a838   0x0000002c   Code   RO         2339    .text.disk_initialize  diskio.o
    0x0800a864   0x0800a864   0x0000001a   Code   RO         2345    .text.disk_ioctl    diskio.o
    0x0800a87e   0x0800a87e   0x00000002   PAD
    0x0800a880   0x0800a880   0x0000001e   Code   RO         2341    .text.disk_read     diskio.o
    0x0800a89e   0x0800a89e   0x00000002   PAD
    0x0800a8a0   0x0800a8a0   0x0000001a   Code   RO         2337    .text.disk_status   diskio.o
    0x0800a8ba   0x0800a8ba   0x00000002   PAD
    0x0800a8bc   0x0800a8bc   0x0000001e   Code   RO         2343    .text.disk_write    diskio.o
    0x0800a8da   0x0800a8da   0x00000002   PAD
    0x0800a8dc   0x0800a8dc   0x0000008a   Code   RO         2385    .text.f_close       ff.o
    0x0800a966   0x0800a966   0x00000002   PAD
    0x0800a968   0x0800a968   0x000002e6   Code   RO         2387    .text.f_lseek       ff.o
    0x0800ac4e   0x0800ac4e   0x00000002   PAD
    0x0800ac50   0x0800ac50   0x000000a8   Code   RO         2357    .text.f_mount       ff.o
    0x0800acf8   0x0800acf8   0x000003e8   Code   RO         2361    .text.f_open        ff.o
    0x0800b0e0   0x0800b0e0   0x0000020e   Code   RO         2375    .text.f_read        ff.o
    0x0800b2ee   0x0800b2ee   0x00000002   PAD
    0x0800b2f0   0x0800b2f0   0x000000c2   Code   RO         2381    .text.f_sync        ff.o
    0x0800b3b2   0x0800b3b2   0x00000002   PAD
    0x0800b3b4   0x0800b3b4   0x00000090   Code   RO         2467    .text.ff_convert    cc936.o
    0x0800b444   0x0800b444   0x000000c0   Code   RO         2469    .text.ff_wtoupper   cc936.o
    0x0800b504   0x0800b504   0x00000384   Code   RO         2359    .text.find_volume   ff.o
    0x0800b888   0x0800b888   0x00000360   Code   RO         2363    .text.follow_path   ff.o
    0x0800bbe8   0x0800bbe8   0x00000028   Code   RO          463    .text.fputc         usart.o
    0x0800bc10   0x0800bc10   0x0000018c   Code   RO          238    .text.ft5206_init   ft5206.o
    0x0800bd9c   0x0800bd9c   0x00000050   Code   RO          236    .text.ft5206_rd_reg  ft5206.o
    0x0800bdec   0x0800bdec   0x00000336   Code   RO          240    .text.ft5206_scan   ft5206.o
    0x0800c122   0x0800c122   0x00000002   PAD
    0x0800c124   0x0800c124   0x0000035a   Code   RO          560    .text.game          game.o
    0x0800c47e   0x0800c47e   0x00000002   PAD
    0x0800c480   0x0800c480   0x000001a4   Code   RO          528    .text.game_init     game.o
    0x0800c624   0x0800c624   0x000000ee   Code   RO          530    .text.game_reinit   game.o
    0x0800c712   0x0800c712   0x00000002   PAD
    0x0800c714   0x0800c714   0x000000ca   Code   RO         2373    .text.get_fat       ff.o
    0x0800c7de   0x0800c7de   0x00000002   PAD
    0x0800c7e0   0x0800c7e0   0x00000004   Code   RO         2156    .text.get_fattime   fatfs.o
    0x0800c7e4   0x0800c7e4   0x0000018c   Code   RO          256    .text.gt9xxx_init   gt9xxx.o
    0x0800c970   0x0800c970   0x0000005c   Code   RO          254    .text.gt9xxx_rd_reg  gt9xxx.o
    0x0800c9cc   0x0800c9cc   0x000001fc   Code   RO          258    .text.gt9xxx_scan   gt9xxx.o
    0x0800cbc8   0x0800cbc8   0x0000006c   Code   RO          252    .text.gt9xxx_wr_reg  gt9xxx.o
    0x0800cc34   0x0800cc34   0x000000a4   Code   RO          272    .text.iic_init      myiic.o
    0x0800ccd8   0x0800ccd8   0x00000274   Code   RO          286    .text.iic_read_byte  myiic.o
    0x0800cf4c   0x0800cf4c   0x000001aa   Code   RO          284    .text.iic_send_byte  myiic.o
    0x0800d0f6   0x0800d0f6   0x00000002   PAD
    0x0800d0f8   0x0800d0f8   0x00000050   Code   RO          276    .text.iic_start     myiic.o
    0x0800d148   0x0800d148   0x00000044   Code   RO          274    .text.iic_stop      myiic.o
    0x0800d18c   0x0800d18c   0x00000098   Code   RO          278    .text.iic_wait_ack  myiic.o
    0x0800d224   0x0800d224   0x0000005c   Code   RO           39    .text.lcd_clear     lcd.o
    0x0800d280   0x0800d280   0x00000134   Code   RO           61    .text.lcd_draw_circle  lcd.o
    0x0800d3b4   0x0800d3b4   0x000000b2   Code   RO           55    .text.lcd_draw_line  lcd.o
    0x0800d466   0x0800d466   0x00000002   PAD
    0x0800d468   0x0800d468   0x0000001e   Code   RO           29    .text.lcd_draw_point  lcd.o
    0x0800d486   0x0800d486   0x00000002   PAD
    0x0800d488   0x0800d488   0x0000022e   Code   RO           97    .text.lcd_ex_ili9341_reginit  lcd_ex.o
    0x0800d6b6   0x0800d6b6   0x00000002   PAD
    0x0800d6b8   0x0800d6b8   0x00000342   Code   RO          105    .text.lcd_ex_ili9806_reginit  lcd_ex.o
    0x0800d9fa   0x0800d9fa   0x00000002   PAD
    0x0800d9fc   0x0800d9fc   0x00000ef4   Code   RO           99    .text.lcd_ex_nt35310_reginit  lcd_ex.o
    0x0800e8f0   0x0800e8f0   0x00000efe   Code   RO          103    .text.lcd_ex_nt35510_reginit  lcd_ex.o
    0x0800f7ee   0x0800f7ee   0x00000002   PAD
    0x0800f7f0   0x0800f7f0   0x00000170   Code   RO          107    .text.lcd_ex_ssd1963_reginit  lcd_ex.o
    0x0800f960   0x0800f960   0x000001aa   Code   RO           95    .text.lcd_ex_st7789_reginit  lcd_ex.o
    0x0800fb0a   0x0800fb0a   0x00000002   PAD
    0x0800fb0c   0x0800fb0c   0x000001c8   Code   RO          101    .text.lcd_ex_st7796_reginit  lcd_ex.o
    0x0800fcd4   0x0800fcd4   0x000000ac   Code   RO           41    .text.lcd_fill      lcd.o
    0x0800fd80   0x0800fd80   0x00000486   Code   RO           37    .text.lcd_init      lcd.o
    0x08010206   0x08010206   0x00000002   PAD
    0x08010208   0x08010208   0x00000314   Code   RO           27    .text.lcd_scan_dir  lcd.o
    0x0801051c   0x0801051c   0x00000276   Code   RO           21    .text.lcd_set_cursor  lcd.o
    0x08010792   0x08010792   0x00000002   PAD
    0x08010794   0x08010794   0x00000572   Code   RO           65    .text.lcd_show_char  lcd.o
    0x08010d06   0x08010d06   0x00000002   PAD
    0x08010d08   0x08010d08   0x00000072   Code   RO           75    .text.lcd_show_font_str  lcd.o
    0x08010d7a   0x08010d7a   0x00000002   PAD
    0x08010d7c   0x08010d7c   0x0000007a   Code   RO           47    .text.lcd_show_inverted_pic  lcd.o
    0x08010df6   0x08010df6   0x00000002   PAD
    0x08010df8   0x08010df8   0x000004c6   Code   RO           73    .text.lcd_show_points  lcd.o
    0x080112be   0x080112be   0x00000002   PAD
    0x080112c0   0x080112c0   0x00000070   Code   RO           71    .text.lcd_show_string  lcd.o
    0x08011330   0x08011330   0x00000238   Code   RO           69    .text.lcd_show_xnum  lcd.o
    0x08011568   0x08011568   0x0000001e   Code   RO           11    .text.lcd_wr_data   lcd.o
    0x08011586   0x08011586   0x00000002   PAD
    0x08011588   0x08011588   0x0000001e   Code   RO           13    .text.lcd_wr_regno  lcd.o
    0x080115a6   0x080115a6   0x00000002   PAD
    0x080115a8   0x080115a8   0x00000014   Code   RO           17    .text.lcd_write_ram_prepare  lcd.o
    0x080115bc   0x080115bc   0x0000000c   Code   RO           15    .text.lcd_write_reg  lcd.o
    0x080115c8   0x080115c8   0x0000013c   Code   RO          340    .text.main          main.o
    0x08011704   0x08011704   0x0000008a   Code   RO         2369    .text.move_window   ff.o
    0x0801178e   0x0801178e   0x00000002   PAD
    0x08011790   0x08011790   0x0000014e   Code   RO          534    .text.place_drop_item  game.o
    0x080118de   0x080118de   0x00000002   PAD
    0x080118e0   0x080118e0   0x00000106   Code   RO         2431    .text.put_fat       ff.o
    0x080119e6   0x080119e6   0x00000002   PAD
    0x080119e8   0x080119e8   0x0000009e   Code   RO          594    .text.range_show_bmp_from_sram  sram.o
    0x08011a86   0x08011a86   0x00000002   PAD
    0x08011a88   0x08011a88   0x00000030   Code   RO          586    .text.show_bmp_from_sram  sram.o
    0x08011ab8   0x08011ab8   0x000000aa   Code   RO          592    .text.show_bmp_from_sram_with_background  sram.o
    0x08011b62   0x08011b62   0x00000002   PAD
    0x08011b64   0x08011b64   0x000000c8   Code   RO         2168    .text.show_chinese_char  fatfs.o
    0x08011c2c   0x08011c2c   0x0000018a   Code   RO          574    .text.sram_init     sram.o
    0x08011db6   0x08011db6   0x00000002   PAD
    0x08011db8   0x08011db8   0x00000104   Code   RO          584    .text.sram_load_bmp_from_sd  sram.o
    0x08011ebc   0x08011ebc   0x000000d2   Code   RO         2383    .text.sync_fs       ff.o
    0x08011f8e   0x08011f8e   0x00000002   PAD
    0x08011f90   0x08011f90   0x0000005a   Code   RO         2413    .text.sync_window   ff.o
    0x08011fea   0x08011fea   0x00000006   PAD
    0x08011ff0   0x08011ff0   0x00000a74   Code   RO          300    .text.tp_adjust     touch.o
    0x08012a64   0x08012a64   0x00000238   Code   RO          296    .text.tp_init       touch.o
    0x08012c9c   0x08012c9c   0x00000560   Code   RO          310    .text.tp_read_xoy   touch.o
    0x080131fc   0x080131fc   0x000000a8   Code   RO          308    .text.tp_read_xy2   touch.o
    0x080132a4   0x080132a4   0x000000ee   Code   RO          298    .text.tp_scan       touch.o
    0x08013392   0x08013392   0x0000003e   Code   RO         2992    CL$$btod_d2e        c_w.l(btod.o)
    0x080133d0   0x080133d0   0x00000046   Code   RO         2994    CL$$btod_d2e_denorm_low  c_w.l(btod.o)
    0x08013416   0x08013416   0x00000060   Code   RO         2993    CL$$btod_d2e_norm_op1  c_w.l(btod.o)
    0x08013476   0x08013476   0x00000002   PAD
    0x08013478   0x08013478   0x00000338   Code   RO         3002    CL$$btod_div_common  c_w.l(btod.o)
    0x080137b0   0x080137b0   0x000000dc   Code   RO         2999    CL$$btod_e2e        c_w.l(btod.o)
    0x0801388c   0x0801388c   0x0000002a   Code   RO         2996    CL$$btod_ediv       c_w.l(btod.o)
    0x080138b6   0x080138b6   0x0000002a   Code   RO         2995    CL$$btod_emul       c_w.l(btod.o)
    0x080138e0   0x080138e0   0x00000244   Code   RO         3001    CL$$btod_mult_common  c_w.l(btod.o)
    0x08013b24   0x08013b24   0x00000030   Code   RO         3038    i.__ARM_fpclassify  m_wm.l(fpclassify.o)
    0x08013b54   0x08013b54   0x0000000e   Code   RO         2779    i._is_digit         c_w.l(__printf_wp.o)
    0x08013b62   0x08013b62   0x00000002   PAD
    0x08013b64   0x08013b64   0x0000002c   Code   RO         3021    locale$$code        c_w.l(lc_numeric_c.o)
    0x08013b90   0x08013b90   0x00000018   Code   RO         3032    x$fpl$dcmpinf       fz_wm.l(dcmpi.o)
    0x08013ba8   0x08013ba8   0x000002b4   Code   RO         2822    x$fpl$ddiv          fz_wm.l(ddiv.o)
    0x08013e5c   0x08013e5c   0x00000078   Code   RO         2937    x$fpl$deqf          fz_wm.l(deqf.o)
    0x08013ed4   0x08013ed4   0x0000002e   Code   RO         2830    x$fpl$dflt          fz_wm.l(dflt_clz.o)
    0x08013f02   0x08013f02   0x00000002   PAD
    0x08013f04   0x08013f04   0x00000078   Code   RO         2939    x$fpl$dgeqf         fz_wm.l(dgeqf.o)
    0x08013f7c   0x08013f7c   0x00000078   Code   RO         2941    x$fpl$dleqf         fz_wm.l(dleqf.o)
    0x08013ff4   0x08013ff4   0x0000009c   Code   RO         2943    x$fpl$dnaninf       fz_wm.l(dnaninf.o)
    0x08014090   0x08014090   0x0000000c   Code   RO         2945    x$fpl$dretinf       fz_wm.l(dretinf.o)
    0x0801409c   0x0801409c   0x00000056   Code   RO         2837    x$fpl$f2d           fz_wm.l(f2d.o)
    0x080140f2   0x080140f2   0x00000054   Code   RO         2819    x$fpl$fcmp          fz_wm.l(dcmp.o)
    0x08014146   0x08014146   0x0000008c   Code   RO         2947    x$fpl$fnaninf       fz_wm.l(fnaninf.o)
    0x080141d2   0x080141d2   0x0000001a   Code   RO         3034    x$fpl$fpinit        fz_wm.l(fpinit.o)
    0x080141ec   0x080141ec   0x00000004   Code   RO         2839    x$fpl$printf1       fz_wm.l(printf1.o)
    0x080141f0   0x080141f0   0x00000000   Code   RO         2949    x$fpl$usenofp       fz_wm.l(usenofp.o)
    0x080141f0   0x080141f0   0x00000028   Data   RO         2752    .constdata          c_w.l(_printf_hex_int.o)
    0x08014218   0x08014218   0x00000011   Data   RO         2782    .constdata          c_w.l(__printf_flags_wp.o)
    0x08014229   0x08014229   0x00000003   PAD
    0x0801422c   0x0801422c   0x00000094   Data   RO         2990    .constdata          c_w.l(bigflt0.o)
    0x080142c0   0x080142c0   0x0000000e   Data   RO           84    .rodata..Lswitch.table.lcd_scan_dir.1  lcd.o
    0x080142ce   0x080142ce   0x00000002   PAD
    0x080142d0   0x080142d0   0x00000014   Data   RO         2196    .rodata..Lswitch.table.load_chinese_char  fatfs.o
    0x080142e4   0x080142e4   0x00000010   Data   RO         2076    .rodata.AHBPrescTable  system_stm32f4xx.o
    0x080142f4   0x080142f4   0x00000008   Data   RO         2077    .rodata.APBPrescTable  system_stm32f4xx.o
    0x080142fc   0x080142fc   0x00000014   Data   RO          262    .rodata.GT9XXX_TPX_TBL  gt9xxx.o
    0x08014310   0x08014310   0x0000000d   Data   RO         2438    .rodata.LfnOfs      ff.o
    0x0801431d   0x0801431d   0x00000003   PAD
    0x08014320   0x08014320   0x00000014   Data   RO         2142    .rodata.SD_Driver   sd_diskio.o
    0x08014334   0x08014334   0x00000024   Data   RO         2255    .rodata.STORAGE_Inquirydata_FS  usbd_storage_if.o
    0x08014358   0x08014358   0x00000474   Data   RO           77    .rodata.asc2_1206   lcd.o
    0x080147cc   0x080147cc   0x000005f0   Data   RO           78    .rodata.asc2_1608   lcd.o
    0x08014dbc   0x08014dbc   0x00000d5c   Data   RO           79    .rodata.asc2_2412   lcd.o
    0x08015b18   0x08015b18   0x000017c0   Data   RO           80    .rodata.asc2_3216   lcd.o
    0x080172d8   0x080172d8   0x00000008   Data   RO          987    .rodata.cst8        stm32f4xx_hal_dma.o
    0x080172e0   0x080172e0   0x00015484   Data   RO         2471    .rodata.oem2uni     cc936.o
    0x0802c764   0x0802c764   0x00000005   Data   RO          261    .rodata.str1.1      gt9xxx.o
    0x0802c769   0x0802c769   0x00000087   Data   RO          313    .rodata.str1.1      touch.o
    0x0802c7f0   0x0802c7f0   0x00000013   Data   RO          563    .rodata.str1.1      game.o
    0x0802c803   0x0802c803   0x00000016   Data   RO          606    .rodata.str1.1      sram.o
    0x0802c819   0x0802c819   0x00000055   Data   RO         2190    .rodata.str1.1      fatfs.o
    0x0802c86e   0x0802c86e   0x00000010   Data   RO         2435    .rodata.str1.1      ff.o
    0x0802c87e   0x0802c87e   0x000002ae   Data   RO         2473    .rodata.str2.2      cc936.o
    0x0802cb2c   0x0802cb2c   0x00015484   Data   RO         2472    .rodata.uni2oem     cc936.o
    0x08041fb0   0x08041fb0   0x00000020   Data   RO         3127    Region$$Table       anon$$obj.o
    0x08041fd0   0x08041fd0   0x0000001c   Data   RO         3020    locale$$data        c_w.l(lc_numeric_c.o)


    Execution Region RW_IRAM1 (Exec base: 0x20000000, Load base: 0x08041ff0, Size: 0x00004500, Max: 0x0001c000, ABSOLUTE, COMPRESSED[0x000000e8])

    Exec Addr    Load Addr    Size         Type   Attr      Idx    E Section Name        Object

    0x20000000   COMPRESSED   0x00000004   Data   RW          349    .ARM.use_no_argv    main.o
    0x20000004   COMPRESSED   0x0000000c   Data   RW          564    .data..L_MergedGlobals  game.o
    0x20000010   COMPRESSED   0x00000008   Data   RW         1159    .data..L_MergedGlobals  stm32f4xx_hal.o
    0x20000018   COMPRESSED   0x0000000c   Data   RW          562    .data.DROP_CHANNELS  game.o
    0x20000024   COMPRESSED   0x0000001c   Data   RW         2228    .data.FS_Desc       usbd_desc.o
    0x20000040   COMPRESSED   0x00000001   Data   RW         2602    .data.MSCInEpAdd    usbd_msc.o
    0x20000041   COMPRESSED   0x00000001   Data   RW         2603    .data.MSCOutEpAdd   usbd_msc.o
    0x20000042   COMPRESSED   0x0000001b   Data   RW         2643    .data.MSC_Mode_Sense10_data  usbd_msc_data.o
    0x2000005d   COMPRESSED   0x00000017   Data   RW         2642    .data.MSC_Mode_Sense6_data  usbd_msc_data.o
    0x20000074   COMPRESSED   0x00000006   Data   RW         2640    .data.MSC_Page00_Inquiry_Data  usbd_msc_data.o
    0x2000007a   COMPRESSED   0x00000008   Data   RW         2641    .data.MSC_Page80_Inquiry_Data  usbd_msc_data.o
    0x20000082   COMPRESSED   0x00000001   Data   RW         2143    .data.Stat          sd_diskio.o
    0x20000083   COMPRESSED   0x00000001   PAD
    0x20000084   COMPRESSED   0x00000004   Data   RW         2075    .data.SystemCoreClock  system_stm32f4xx.o
    0x20000088   COMPRESSED   0x00000012   Data   RW         2229    .data.USBD_FS_DeviceDesc  usbd_desc.o
    0x2000009a   COMPRESSED   0x00000002   PAD
    0x2000009c   COMPRESSED   0x00000004   Data   RW         2230    .data.USBD_LangIDDesc  usbd_desc.o
    0x200000a0   COMPRESSED   0x00000038   Data   RW         2601    .data.USBD_MSC      usbd_msc.o
    0x200000d8   COMPRESSED   0x00000020   Data   RW         2604    .data.USBD_MSC_CfgDesc  usbd_msc.o
    0x200000f8   COMPRESSED   0x0000000a   Data   RW         2605    .data.USBD_MSC_DeviceQualifierDesc  usbd_msc.o
    0x20000102   COMPRESSED   0x00000002   PAD
    0x20000104   COMPRESSED   0x00000020   Data   RW         2256    .data.USBD_Storage_Interface_fops_FS  usbd_storage_if.o
    0x20000124   COMPRESSED   0x0000001a   Data   RW         2231    .data.USBD_StringSerial  usbd_desc.o
    0x2000013e   COMPRESSED   0x00000002   PAD
    0x20000140   COMPRESSED   0x00000004   Data   RW           82    .data.g_back_color  lcd.o
    0x20000144   COMPRESSED   0x00000001   Data   RW          260    .data.g_gt_tnum     gt9xxx.o
    0x20000145   COMPRESSED   0x00000003   PAD
    0x20000148   COMPRESSED   0x00000048   Data   RW          312    .data.tp_dev        touch.o
    0x20000190        -       0x000000e4   Zero   RW         2798    .bss                c_w.l(rand.o)
    0x20000274        -       0x00000060   Zero   RW         2951    .bss                c_w.l(libspace.o)
    0x200002d4        -       0x00000008   Zero   RW          350    .bss..L_MergedGlobals  main.o
    0x200002dc        -       0x00000014   Zero   RW          608    .bss..L_MergedGlobals  sram.o
    0x200002f0        -       0x00000016   Zero   RW           86    .bss..L_MergedGlobals.2  lcd.o
    0x20000306   COMPRESSED   0x00000002   PAD
    0x20000308        -       0x00000034   Zero   RW          565    .bss..L_MergedGlobals.9  game.o
    0x2000033c        -       0x00000001   Zero   RW          385    .bss.FSMC_Initialized  fsmc.o
    0x2000033d   COMPRESSED   0x00000003   PAD
    0x20000340        -       0x00000004   Zero   RW         2433    .bss.FatFs          ff.o
    0x20000344        -       0x00000020   Zero   RW         2436    .bss.Files          ff.o
    0x20000364        -       0x00000002   Zero   RW         2437    .bss.Fsid           ff.o
    0x20000366        -       0x00000960   Zero   RW          607    .bss.Load_bmp_with_backgroung_from_sram.buf  sram.o
    0x20000cc6   COMPRESSED   0x00000002   PAD
    0x20000cc8        -       0x00000004   Zero   RW         2144    .bss.ReadStatus     sd_diskio.o
    0x20000ccc        -       0x00000234   Zero   RW         2188    .bss.SDFatFS        fatfs.o
    0x20000f00        -       0x00000230   Zero   RW         2191    .bss.SDFile         fatfs.o
    0x20001130        -       0x00000004   Zero   RW         2186    .bss.SDPath         fatfs.o
    0x20001134        -       0x00000001   Zero   RW         2550    .bss.USBD_SetConfig.cfgidx  usbd_ctlreq.o
    0x20001135   COMPRESSED   0x00000003   PAD
    0x20001138        -       0x00000200   Zero   RW         2232    .bss.USBD_StrDesc   usbd_desc.o
    0x20001338        -       0x00000278   Zero   RW         2328    .bss.USBD_static_malloc.mem  usbd_conf.o
    0x200015b0        -       0x00000004   Zero   RW         2145    .bss.WriteStatus    sd_diskio.o
    0x200015b4        -       0x00000054   Zero   RW          472    .bss.__stdout       usart.o
    0x20001608        -       0x0000000c   Zero   RW         2457    .bss.disk           ff_gen_drv.o
    0x20001614        -       0x00000001   Zero   RW          329    .bss.fac_us         delay.o
    0x20001615        -       0x00000001   Zero   RW          243    .bss.ft5206_scan.t  ft5206.o
    0x20001616   COMPRESSED   0x00000002   PAD
    0x20001618        -       0x00000050   Zero   RW          604    .bss.g_sram_handler  sram.o
    0x20001668        -       0x00000001   Zero   RW          263    .bss.gt9xxx_scan.t  gt9xxx.o
    0x20001669   COMPRESSED   0x00000003   PAD
    0x2000166c        -       0x000002dc   Zero   RW         2207    .bss.hUsbDeviceFS   usb_device.o
    0x20001948        -       0x00000060   Zero   RW          432    .bss.hdma_sdio_rx   sdio.o
    0x200019a8        -       0x00000060   Zero   RW          433    .bss.hdma_sdio_tx   sdio.o
    0x20001a08        -       0x0000050c   Zero   RW         2327    .bss.hpcd_USB_OTG_FS  usbd_conf.o
    0x20001f14        -       0x00000010   Zero   RW          401    .bss.hrng           rng.o
    0x20001f24        -       0x00000020   Zero   RW          416    .bss.hrtc           rtc.o
    0x20001f44        -       0x00000084   Zero   RW          431    .bss.hsd            sdio.o
    0x20001fc8        -       0x00000050   Zero   RW          383    .bss.hsram1         fsmc.o
    0x20002018        -       0x00000050   Zero   RW          384    .bss.hsram2         fsmc.o
    0x20002068        -       0x00000048   Zero   RW          448    .bss.htim2          tim.o
    0x200020b0        -       0x00000044   Zero   RW          471    .bss.huart1         usart.o
    0x200020f4        -       0x00000001   Zero   RW         2187    .bss.retSD          fatfs.o
    0x200020f5   COMPRESSED   0x00000003   PAD
    0x200020f8        -       0x00000004   Zero   RW         1158    .bss.uwTick         stm32f4xx_hal.o
    0x200020fc   COMPRESSED   0x00000004   PAD
    0x20002100        -       0x00000400   Zero   RW            2    HEAP                startup_stm32f407xx.o
    0x20002500        -       0x00002000   Zero   RW            1    STACK               startup_stm32f407xx.o


    Execution Region RW_IRAM2 (Exec base: 0x2001c000, Load base: 0x080420d8, Size: 0x00000000, Max: 0x00004000, ABSOLUTE)

    **** No section assigned to this execution region ****



  Load Region LR$$.bss.ARM.__at_0x10000000 (Base: 0x10000000, Size: 0x00000000, Max: 0x0000f000, ABSOLUTE)

    Execution Region ER$$.bss.ARM.__at_0x10000000 (Exec base: 0x10000000, Load base: 0x10000000, Size: 0x0000f000, Max: 0x0000f000, ABSOLUTE, UNINIT)

    Exec Addr    Load Addr    Size         Type   Attr      Idx    E Section Name        Object

    0x10000000        -       0x0000f000   Zero   RW          176    .bss.ARM.__at_0x10000000  malloc.o



  Load Region LR$$.bss.ARM.__at_0x1000F000 (Base: 0x1000f000, Size: 0x00000000, Max: 0x00000f00, ABSOLUTE)

    Execution Region ER$$.bss.ARM.__at_0x1000F000 (Exec base: 0x1000f000, Load base: 0x1000f000, Size: 0x00000f00, Max: 0x00000f00, ABSOLUTE, UNINIT)

    Exec Addr    Load Addr    Size         Type   Attr      Idx    E Section Name        Object

    0x1000f000        -       0x00000f00   Zero   RW          179    .bss.ARM.__at_0x1000F000  malloc.o



  Load Region LR$$.bss.ARM.__at_0x68000000 (Base: 0x68000000, Size: 0x00000000, Max: 0x000f0c00, ABSOLUTE)

    Execution Region ER$$.bss.ARM.__at_0x68000000 (Exec base: 0x68000000, Load base: 0x68000000, Size: 0x000f0c00, Max: 0x000f0c00, ABSOLUTE, UNINIT)

    Exec Addr    Load Addr    Size         Type   Attr      Idx    E Section Name        Object

    0x68000000        -       0x000f0c00   Zero   RW          177    .bss.ARM.__at_0x68000000  malloc.o



  Load Region LR$$.bss.ARM.__at_0x680F0C00 (Base: 0x680f0c00, Size: 0x00000000, Max: 0x0000f0c0, ABSOLUTE)

    Execution Region ER$$.bss.ARM.__at_0x680F0C00 (Exec base: 0x680f0c00, Load base: 0x680f0c00, Size: 0x0000f0c0, Max: 0x0000f0c0, ABSOLUTE, UNINIT)

    Exec Addr    Load Addr    Size         Type   Attr      Idx    E Section Name        Object

    0x680f0c00        -       0x0000f0c0   Zero   RW          180    .bss.ARM.__at_0x680F0C00  malloc.o


==============================================================================

Image component sizes


      Code (inc. data)   RO Data    RW Data    ZI Data      Debug   Object Name

       326          0          0          0          0       2739   24cxx.o
       198          0          0          0          0       6886   bsp_driver_sd.o
       336         10     175030          0          0       2228   cc936.o
      1470          0          0          0          0       5552   ctiic.o
       564          0          0          0          1       3165   delay.o
       156          0          0          0          0       2291   diskio.o
        72          0          0          0          0       3501   dma.o
       396         60        105          0       1129      12882   fatfs.o
      7324          0         29          0         38      63845   ff.o
        76          0          0          0         12       3291   ff_gen_drv.o
       368          0          0          0        161       5648   fsmc.o
      1298         12          0          0          1       5355   ft5206.o
      2350        108         19         24         52      12663   game.o
       262          0          0          0          0       2318   gpio.o
      1104         28         25          1          1       4343   gt9xxx.o
      6980         28      12174          4         22      44173   lcd.o
     10308          0          0          0          0       2718   lcd_ex.o
       630         80          0          4          8       6201   main.o
         0          0          0          0    1113024       7671   malloc.o
      1518          0          0          0          0       5443   myiic.o
       112          0          0          0         16       4691   rng.o
       202          0          0          0         32       3455   rtc.o
       512          4         20          1          8       4231   sd_diskio.o
       390          0          0          0        324       7464   sdio.o
      1316         52         22          0       2500      17922   sram.o
        64         26        392          0       9216        836   startup_stm32f407xx.o
       204          0          0          8          4       7330   stm32f4xx_hal.o
       218          0          0          0          0      10528   stm32f4xx_hal_cortex.o
      1000          6          8          0          0      10618   stm32f4xx_hal_dma.o
       462          0          0          0          0       5322   stm32f4xx_hal_gpio.o
        60          0          0          0          0       1641   stm32f4xx_hal_msp.o
      3380          0          0          0          0      16857   stm32f4xx_hal_pcd.o
       244          0          0          0          0       4642   stm32f4xx_hal_pcd_ex.o
      1434          0          0          0          0       7387   stm32f4xx_hal_rcc.o
       330          0          0          0          0       4449   stm32f4xx_hal_rcc_ex.o
       250          0          0          0          0       4820   stm32f4xx_hal_rng.o
       984          0          0          0          0      16216   stm32f4xx_hal_rtc.o
      3310          0          0          0          0      27310   stm32f4xx_hal_sd.o
        92          0          0          0          0      12910   stm32f4xx_hal_sram.o
      1364          0          0          0          0      55049   stm32f4xx_hal_tim.o
       186          0          0          0          0      21276   stm32f4xx_hal_tim_ex.o
       320          0          0          0          0      32028   stm32f4xx_hal_uart.o
        92          0          0          0          0       9012   stm32f4xx_it.o
       278          0          0          0          0       7696   stm32f4xx_ll_fsmc.o
      1676          0          0          0          0      20898   stm32f4xx_ll_sdmmc.o
      4478          0          0          0          0      32707   stm32f4xx_ll_usb.o
        18          0         24          4          0       2667   system_stm32f4xx.o
       182          0          0          0         72       7241   tim.o
      5026         84        135         72          0      10861   touch.o
       212          0          0          0        152       5869   usart.o
       110          0          0          0        732       3134   usb_device.o
       846          0          0          0       1924      17873   usbd_conf.o
       886          0          0          0          0      10348   usbd_core.o
      1762         30          0          0          1      10867   usbd_ctlreq.o
       324         68          0         76        512       3534   usbd_desc.o
       102          0          0          0          0       4715   usbd_ioreq.o
       744         12          0        100          0       8097   usbd_msc.o
      1058          0          0          0          0       8422   usbd_msc_bot.o
         0          0          0         64          0        777   usbd_msc_data.o
      3676        182          0          0          0      17964   usbd_msc_scsi.o
       104          0         36         32          0       2941   usbd_storage_if.o

    ----------------------------------------------------------------------
     74122        790     188056        400    1129964     665518   Object Totals
         0          0         32          0          0          0   (incl. Generated)
       378          0          5         10         22          0   (incl. Padding)

    ----------------------------------------------------------------------

      Code (inc. data)   RO Data    RW Data    ZI Data      Debug   Library Member Name

        58          0          0          0          0          0   __dczerorl.o
         8          0          0          0          0         68   __main.o
       312          4         17          0          0         92   __printf_flags_wp.o
        14          0          0          0          0         68   __printf_wp.o
         0          0          0          0          0          0   __rtentry.o
        12          0          0          0          0          0   __rtentry2.o
         6          0          0          0          0          0   __rtentry4.o
        52          8          0          0          0          0   __scatter.o
        28          0          0          0          0          0   __scatter_zi.o
        44          0          0          0          0        108   _printf_char.o
        48          6          0          0          0         96   _printf_char_common.o
        36          4          0          0          0         80   _printf_char_file.o
         6          0          0          0          0          0   _printf_d.o
       120         16          0          0          0         92   _printf_dec.o
         6          0          0          0          0          0   _printf_f.o
      1052          0          0          0          0        148   _printf_fp_dec.o
       128         16          0          0          0         84   _printf_fp_infnan.o
        88          4         40          0          0         88   _printf_hex_int.o
       178          0          0          0          0         88   _printf_intcommon.o
         0          0          0          0          0          0   _printf_percent.o
         4          0          0          0          0          0   _printf_percent_end.o
         6          0          0          0          0          0   _printf_s.o
        82          0          0          0          0         80   _printf_str.o
         6          0          0          0          0          0   _printf_x.o
        10          0          0          0          0         68   _sputc.o
       228          4        148          0          0         96   bigflt0.o
      1936        128          0          0          0        668   btod.o
        10          0          0          0          0         68   defsig_exit.o
        50          0          0          0          0         88   defsig_general.o
        80         58          0          0          0         76   defsig_rtmem_inner.o
        14          0          0          0          0         80   defsig_rtmem_outer.o
        18          0          0          0          0         80   exit.o
         8          0          0          0          0         68   ferror.o
        94          0          0          0          0         80   h1_alloc.o
        52          0          0          0          0         68   h1_extend.o
        78          0          0          0          0         80   h1_free.o
        14          0          0          0          0         84   h1_init.o
         6          0          0          0          0        152   heapauxi.o
         4          0          0          0          0        136   hguard.o
       138          0          0          0          0        168   init_alloc.o
        44         10         28          0          0         76   lc_numeric_c.o
         2          0          0          0          0          0   libinit.o
        34          0          0          0          0          0   libinit2.o
         2          0          0          0          0          0   libshutdown.o
         2          0          0          0          0          0   libshutdown2.o
         8          4          0          0         96         68   libspace.o
       138          0          0          0          0         80   lludiv10.o
       240          0          0          0          0        100   lludivv7m.o
         0          0          0          0          0          0   maybetermalloc1.o
        88          0          0          0          0         76   memcmp.o
        24          4          0          0          0         84   noretval__2printf.o
        40          6          0          0          0         84   noretval__2sprintf.o
        44          4          0          0          0         84   puts.o
        60         14          0          0        228         92   rand.o
         8          4          0          0          0         68   rt_heap_descriptor_intlibspace.o
         8          4          0          0          0         68   rt_locale_intlibspace.o
        68          0          0          0          0         68   rt_memclr.o
        78          0          0          0          0         80   rt_memclr_w.o
         2          0          0          0          0          0   rtexit.o
        10          0          0          0          0          0   rtexit2.o
       124          0          0          0          0         88   strcmpv7em.o
        62          0          0          0          0         76   strlen.o
        74          0          0          0          0         80   sys_stackheap_outer.o
         2          0          0          0          0         68   use_no_semi.o
         2          0          0          0          0         68   use_no_semi_2.o
        84          0          0          0          0        244   dcmp.o
        24          0          0          0          0        116   dcmpi.o
       692        140          0          0          0        264   ddiv.o
       120          4          0          0          0        140   deqf.o
        46          0          0          0          0        116   dflt_clz.o
       120          4          0          0          0        140   dgeqf.o
       120          4          0          0          0        140   dleqf.o
       156          4          0          0          0        140   dnaninf.o
        12          0          0          0          0        116   dretinf.o
        86          4          0          0          0        132   f2d.o
       140          4          0          0          0        132   fnaninf.o
        26          0          0          0          0        116   fpinit.o
         4          0          0          0          0        116   printf1.o
         0          0          0          0          0          0   usenofp.o
        48          0          0          0          0        124   fpclassify.o

    ----------------------------------------------------------------------
      7902        466        236          0        324       6596   Library Totals
        26          4          3          0          0          0   (incl. Padding)

    ----------------------------------------------------------------------

      Code (inc. data)   RO Data    RW Data    ZI Data      Debug   Library Name

      6198        298        233          0        324       4560   c_w.l
      1630        164          0          0          0       1912   fz_wm.l
        48          0          0          0          0        124   m_wm.l

    ----------------------------------------------------------------------
      7902        466        236          0        324       6596   Library Totals

    ----------------------------------------------------------------------

==============================================================================


      Code (inc. data)   RO Data    RW Data    ZI Data      Debug   

     82024       1256     188292        400    1130288     667174   Grand Totals
     82024       1256     188292        232    1130288     667174   ELF Image Totals (compressed)
     82024       1256     188292        232          0          0   ROM Totals

==============================================================================

    Total RO  Size (Code + RO Data)               270316 ( 263.98kB)
    Total RW  Size (RW Data + ZI Data)           1130688 (1104.19kB)
    Total ROM Size (Code + RO Data + RW Data)     270548 ( 264.21kB)

==============================================================================

